###############################################################################
#
# IAR ELF Linker V9.40.1.364/W64 for ARM                  20/Nov/2023  13:39:26
# Copyright 2007-2023 IAR Systems AB.
#
#    Output file  =
#        C:\Users\rkdehdduq12\Desktop\Physical_Com\en.stsw-stm32065_v1-9-0\STM32F4xx_DSP_StdPeriph_Lib_V1.9.0\Project\USART\Debug\Exe\USART.out
#    Map file     =
#        C:\Users\rkdehdduq12\Desktop\Physical_Com\en.stsw-stm32065_v1-9-0\STM32F4xx_DSP_StdPeriph_Lib_V1.9.0\Project\USART\Debug\List\USART.map
#    Command line =
#        -f
#        C:\Users\rkdehdduq12\Desktop\Physical_Com\en.stsw-stm32065_v1-9-0\STM32F4xx_DSP_StdPeriph_Lib_V1.9.0\Project\USART\Debug\Exe\USART.out.rsp
#        (C:\Users\rkdehdduq12\Desktop\Physical_Com\en.stsw-stm32065_v1-9-0\STM32F4xx_DSP_StdPeriph_Lib_V1.9.0\Project\USART\Debug\Obj\main.o
#        C:\Users\rkdehdduq12\Desktop\Physical_Com\en.stsw-stm32065_v1-9-0\STM32F4xx_DSP_StdPeriph_Lib_V1.9.0\Project\USART\Debug\Obj\misc.o
#        C:\Users\rkdehdduq12\Desktop\Physical_Com\en.stsw-stm32065_v1-9-0\STM32F4xx_DSP_StdPeriph_Lib_V1.9.0\Project\USART\Debug\Obj\startup_stm32f40_41xxx.o
#        C:\Users\rkdehdduq12\Desktop\Physical_Com\en.stsw-stm32065_v1-9-0\STM32F4xx_DSP_StdPeriph_Lib_V1.9.0\Project\USART\Debug\Obj\stm32f4xx_gpio.o
#        C:\Users\rkdehdduq12\Desktop\Physical_Com\en.stsw-stm32065_v1-9-0\STM32F4xx_DSP_StdPeriph_Lib_V1.9.0\Project\USART\Debug\Obj\stm32f4xx_it.o
#        C:\Users\rkdehdduq12\Desktop\Physical_Com\en.stsw-stm32065_v1-9-0\STM32F4xx_DSP_StdPeriph_Lib_V1.9.0\Project\USART\Debug\Obj\stm32f4xx_rcc.o
#        C:\Users\rkdehdduq12\Desktop\Physical_Com\en.stsw-stm32065_v1-9-0\STM32F4xx_DSP_StdPeriph_Lib_V1.9.0\Project\USART\Debug\Obj\stm32f4xx_syscfg.o
#        C:\Users\rkdehdduq12\Desktop\Physical_Com\en.stsw-stm32065_v1-9-0\STM32F4xx_DSP_StdPeriph_Lib_V1.9.0\Project\USART\Debug\Obj\stm32f4xx_tim.o
#        C:\Users\rkdehdduq12\Desktop\Physical_Com\en.stsw-stm32065_v1-9-0\STM32F4xx_DSP_StdPeriph_Lib_V1.9.0\Project\USART\Debug\Obj\stm32f4xx_usart.o
#        C:\Users\rkdehdduq12\Desktop\Physical_Com\en.stsw-stm32065_v1-9-0\STM32F4xx_DSP_StdPeriph_Lib_V1.9.0\Project\USART\Debug\Obj\system_stm32f4xx.o
#        --no_out_extension -o
#        C:\Users\rkdehdduq12\Desktop\Physical_Com\en.stsw-stm32065_v1-9-0\STM32F4xx_DSP_StdPeriph_Lib_V1.9.0\Project\USART\Debug\Exe\USART.out
#        --redirect _Printf=_PrintfFullNoMb --redirect _Scanf=_ScanfFullNoMb
#        --map
#        C:\Users\rkdehdduq12\Desktop\Physical_Com\en.stsw-stm32065_v1-9-0\STM32F4xx_DSP_StdPeriph_Lib_V1.9.0\Project\USART\Debug\List\USART.map
#        --config "C:\Program Files\IAR Systems\Embedded Workbench
#        9.2\arm/config/linker/ST/stm32f411xE.icf" --semihosting --entry
#        __iar_program_start --vfe --text_out locale --cpu=Cortex-M4
#        --fpu=VFPv4_sp) --dependencies=n
#        C:\Users\rkdehdduq12\Desktop\Physical_Com\en.stsw-stm32065_v1-9-0\STM32F4xx_DSP_StdPeriph_Lib_V1.9.0\Project\USART\Debug\Exe\USART.out.iar_deps
#
###############################################################################

*******************************************************************************
*** RUNTIME MODEL ATTRIBUTES
***

CppFlavor       = *
__CPP_Runtime   = 1
__SystemLibrary = DLib
__dlib_version  = 6


*******************************************************************************
*** HEAP SELECTION
***

The basic heap was selected because --advanced_heap
was not specified and the application did not appear to
be primarily optimized for speed.


*******************************************************************************
*** PLACEMENT SUMMARY
***

"A0":  place at address 0x800'0000 { ro section .intvec };
"P1":  place in [from 0x800'0000 to 0x807'ffff] { ro };
define block CSTACK with size = 8K, alignment = 8 { };
define block HEAP with size = 8K, alignment = 8 { };
"P2":  place in [from 0x2000'0000 to 0x2001'ffff] {
          rw, block CSTACK, block HEAP };
initialize by copy { rw };

  Section            Kind         Address    Size  Object
  -------            ----         -------    ----  ------
"A0":                                       0x188
  .intvec            ro code   0x800'0000   0x188  startup_stm32f40_41xxx.o [1]
                             - 0x800'0188   0x188

"P1":                                       0x8d4
  .text              ro code   0x800'0188   0x194  main.o [1]
  .text              ro code   0x800'031c   0x114  stm32f4xx_rcc.o [1]
  .text              ro code   0x800'0430    0xe0  stm32f4xx_gpio.o [1]
  .text              ro code   0x800'0510   0x106  stm32f4xx_usart.o [1]
  .text              ro code   0x800'0616    0x2a  copy_init3.o [4]
  .text              ro code   0x800'0640    0xec  stm32f4xx_tim.o [1]
  .text              ro code   0x800'072c    0x80  misc.o [1]
  .text              ro code   0x800'07ac    0x60  system_stm32f4xx.o [1]
  .text              ro code   0x800'080c    0x28  data_init.o [4]
  .text              ro code   0x800'0834    0x22  fpinit_M.o [3]
  .iar.init_table    const     0x800'0858    0x14  - Linker created -
  .text              ro code   0x800'086c    0x12  stm32f4xx_it.o [1]
  .text              ro code   0x800'0880    0x1e  cmain.o [4]
  .text              ro code   0x800'089e     0x4  low_level_init.o [2]
  .text              ro code   0x800'08a2     0x4  exit.o [2]
  .text              ro code   0x800'08a8     0xa  cexit.o [4]
  .text              ro code   0x800'08b4    0x14  exit.o [5]
  .text              ro code   0x800'08c8    0x1c  cstartup_M.o [4]
  .rodata            const     0x800'08e4    0x14  main.o [1]
  .text              ro code   0x800'08f8    0x10  startup_stm32f40_41xxx.o [1]
  Initializer bytes  const     0x800'0908    0x10  <for P2-1>
  .text              ro code   0x800'0918     0x4  startup_stm32f40_41xxx.o [1]
  .text              ro code   0x800'091c     0x4  startup_stm32f40_41xxx.o [1]
  .text              ro code   0x800'0920     0x4  startup_stm32f40_41xxx.o [1]
  .text              ro code   0x800'0924     0x4  startup_stm32f40_41xxx.o [1]
  .text              ro code   0x800'0928     0x4  startup_stm32f40_41xxx.o [1]
  .text              ro code   0x800'092c     0x4  startup_stm32f40_41xxx.o [1]
  .text              ro code   0x800'0930     0x4  startup_stm32f40_41xxx.o [1]
  .text              ro code   0x800'0934     0x4  startup_stm32f40_41xxx.o [1]
  .text              ro code   0x800'0938     0x4  startup_stm32f40_41xxx.o [1]
  .text              ro code   0x800'093c     0x4  startup_stm32f40_41xxx.o [1]
  .text              ro code   0x800'0940     0x4  startup_stm32f40_41xxx.o [1]
  .text              ro code   0x800'0944     0x4  startup_stm32f40_41xxx.o [1]
  .text              ro code   0x800'0948     0x4  startup_stm32f40_41xxx.o [1]
  .text              ro code   0x800'094c     0x4  startup_stm32f40_41xxx.o [1]
  .text              ro code   0x800'0950     0x4  startup_stm32f40_41xxx.o [1]
  .text              ro code   0x800'0954     0x4  startup_stm32f40_41xxx.o [1]
  .text              ro code   0x800'0958     0x4  startup_stm32f40_41xxx.o [1]
  .text              ro code   0x800'095c     0x4  startup_stm32f40_41xxx.o [1]
  .text              ro code   0x800'0960     0x4  startup_stm32f40_41xxx.o [1]
  .text              ro code   0x800'0964     0x4  startup_stm32f40_41xxx.o [1]
  .text              ro code   0x800'0968     0x4  startup_stm32f40_41xxx.o [1]
  .text              ro code   0x800'096c     0x4  startup_stm32f40_41xxx.o [1]
  .text              ro code   0x800'0970     0x4  startup_stm32f40_41xxx.o [1]
  .text              ro code   0x800'0974     0x4  startup_stm32f40_41xxx.o [1]
  .text              ro code   0x800'0978     0x4  startup_stm32f40_41xxx.o [1]
  .text              ro code   0x800'097c     0x4  startup_stm32f40_41xxx.o [1]
  .text              ro code   0x800'0980     0x4  startup_stm32f40_41xxx.o [1]
  .text              ro code   0x800'0984     0x4  startup_stm32f40_41xxx.o [1]
  .text              ro code   0x800'0988     0x4  startup_stm32f40_41xxx.o [1]
  .text              ro code   0x800'098c     0x4  startup_stm32f40_41xxx.o [1]
  .text              ro code   0x800'0990     0x4  startup_stm32f40_41xxx.o [1]
  .text              ro code   0x800'0994     0x4  startup_stm32f40_41xxx.o [1]
  .text              ro code   0x800'0998     0x4  startup_stm32f40_41xxx.o [1]
  .text              ro code   0x800'099c     0x4  startup_stm32f40_41xxx.o [1]
  .text              ro code   0x800'09a0     0x4  startup_stm32f40_41xxx.o [1]
  .text              ro code   0x800'09a4     0x4  startup_stm32f40_41xxx.o [1]
  .text              ro code   0x800'09a8     0x4  startup_stm32f40_41xxx.o [1]
  .text              ro code   0x800'09ac     0x4  startup_stm32f40_41xxx.o [1]
  .text              ro code   0x800'09b0     0x4  startup_stm32f40_41xxx.o [1]
  .text              ro code   0x800'09b4     0x4  startup_stm32f40_41xxx.o [1]
  .text              ro code   0x800'09b8     0x4  startup_stm32f40_41xxx.o [1]
  .text              ro code   0x800'09bc     0x4  startup_stm32f40_41xxx.o [1]
  .text              ro code   0x800'09c0     0x4  startup_stm32f40_41xxx.o [1]
  .text              ro code   0x800'09c4     0x4  startup_stm32f40_41xxx.o [1]
  .text              ro code   0x800'09c8     0x4  startup_stm32f40_41xxx.o [1]
  .text              ro code   0x800'09cc     0x4  startup_stm32f40_41xxx.o [1]
  .text              ro code   0x800'09d0     0x4  startup_stm32f40_41xxx.o [1]
  .text              ro code   0x800'09d4     0x4  startup_stm32f40_41xxx.o [1]
  .text              ro code   0x800'09d8     0x4  startup_stm32f40_41xxx.o [1]
  .text              ro code   0x800'09dc     0x4  startup_stm32f40_41xxx.o [1]
  .text              ro code   0x800'09e0     0x4  startup_stm32f40_41xxx.o [1]
  .text              ro code   0x800'09e4     0x4  startup_stm32f40_41xxx.o [1]
  .text              ro code   0x800'09e8     0x4  startup_stm32f40_41xxx.o [1]
  .text              ro code   0x800'09ec     0x4  startup_stm32f40_41xxx.o [1]
  .text              ro code   0x800'09f0     0x4  startup_stm32f40_41xxx.o [1]
  .text              ro code   0x800'09f4     0x4  startup_stm32f40_41xxx.o [1]
  .text              ro code   0x800'09f8     0x4  startup_stm32f40_41xxx.o [1]
  .text              ro code   0x800'09fc     0x4  startup_stm32f40_41xxx.o [1]
  .text              ro code   0x800'0a00     0x4  startup_stm32f40_41xxx.o [1]
  .text              ro code   0x800'0a04     0x4  startup_stm32f40_41xxx.o [1]
  .text              ro code   0x800'0a08     0x4  startup_stm32f40_41xxx.o [1]
  .text              ro code   0x800'0a0c     0x4  startup_stm32f40_41xxx.o [1]
  .text              ro code   0x800'0a10     0x4  startup_stm32f40_41xxx.o [1]
  .text              ro code   0x800'0a14     0x4  startup_stm32f40_41xxx.o [1]
  .text              ro code   0x800'0a18     0x4  startup_stm32f40_41xxx.o [1]
  .text              ro code   0x800'0a1c     0x4  startup_stm32f40_41xxx.o [1]
  .text              ro code   0x800'0a20     0x4  startup_stm32f40_41xxx.o [1]
  .text              ro code   0x800'0a24     0x4  startup_stm32f40_41xxx.o [1]
  .text              ro code   0x800'0a28     0x4  startup_stm32f40_41xxx.o [1]
  .text              ro code   0x800'0a2c     0x4  startup_stm32f40_41xxx.o [1]
  .text              ro code   0x800'0a30     0x4  startup_stm32f40_41xxx.o [1]
  .text              ro code   0x800'0a34     0x4  startup_stm32f40_41xxx.o [1]
  .text              ro code   0x800'0a38     0x4  startup_stm32f40_41xxx.o [1]
  .text              ro code   0x800'0a3c     0x4  startup_stm32f40_41xxx.o [1]
  .text              ro code   0x800'0a40     0x4  startup_stm32f40_41xxx.o [1]
  .text              ro code   0x800'0a44     0x4  startup_stm32f40_41xxx.o [1]
  .text              ro code   0x800'0a48     0x4  startup_stm32f40_41xxx.o [1]
  .text              ro code   0x800'0a4c     0x4  startup_stm32f40_41xxx.o [1]
  .text              ro code   0x800'0a50     0x4  startup_stm32f40_41xxx.o [1]
  .text              ro code   0x800'0a54     0x4  startup_stm32f40_41xxx.o [1]
  .text              ro code   0x800'0a58     0x4  startup_stm32f40_41xxx.o [1]
  .rodata            const     0x800'0a5c     0x0  copy_init3.o [4]
                             - 0x800'0a5c   0x8d4

"P2", part 1 of 2:                           0x10
  P2-1                        0x2000'0000    0x10  <Init block>
    .data            inited   0x2000'0000    0x10  stm32f4xx_rcc.o [1]
                            - 0x2000'0010    0x10

"P2", part 2 of 2:                         0x2000
  CSTACK                      0x2000'0010  0x2000  <Block>
    CSTACK           uninit   0x2000'0010  0x2000  <Block tail>
                            - 0x2000'2010  0x2000

Unused ranges:

         From           To      Size
         ----           --      ----
   0x800'0a5c   0x807'ffff  0x7'f5a4
  0x2000'2010  0x2001'ffff  0x1'dff0


*******************************************************************************
*** INIT TABLE
***

          Address      Size
          -------      ----
Copy (__iar_copy_init3)
    1 source range, total size 0x10:
           0x800'0908  0x10
    1 destination range, total size 0x10:
          0x2000'0000  0x10



*******************************************************************************
*** MODULE SUMMARY
***

    Module                    ro code  ro data  rw data
    ------                    -------  -------  -------
command line/config:
    ---------------------------------------------------
    Total:

C:\Users\rkdehdduq12\Desktop\Physical_Com\en.stsw-stm32065_v1-9-0\STM32F4xx_DSP_StdPeriph_Lib_V1.9.0\Project\USART\Debug\Obj: [1]
    main.o                        404       20
    misc.o                        128
    startup_stm32f40_41xxx.o      732
    stm32f4xx_gpio.o              224
    stm32f4xx_it.o                 18
    stm32f4xx_rcc.o               276       16       16
    stm32f4xx_tim.o               236
    stm32f4xx_usart.o             262
    system_stm32f4xx.o             96
    ---------------------------------------------------
    Total:                      2'376       36       16

dl7M_tln.a: [2]
    exit.o                          4
    low_level_init.o                4
    ---------------------------------------------------
    Total:                          8

m7M_tls.a: [3]
    fpinit_M.o                     34
    ---------------------------------------------------
    Total:                         34

rt7M_tl.a: [4]
    cexit.o                        10
    cmain.o                        30
    copy_init3.o                   42
    cstartup_M.o                   28
    data_init.o                    40
    ---------------------------------------------------
    Total:                        150

shb_l.a: [5]
    exit.o                         20
    ---------------------------------------------------
    Total:                         20

    Gaps                            6        2
    Linker created                          20    8'192
-------------------------------------------------------
    Grand Total:                2'594       58    8'208


*******************************************************************************
*** ENTRY LIST
***

Entry                       Address  Size  Type      Object
-----                       -------  ----  ----      ------
.iar.init_table$$Base    0x800'0858         --   Gb  - Linker created -
.iar.init_table$$Limit   0x800'086c         --   Gb  - Linker created -
?main                    0x800'0881        Code  Gb  cmain.o [4]
ADC_IRQHandler           0x800'0961        Code  Wk  startup_stm32f40_41xxx.o [1]
APBAHBPrescTable        0x2000'0000  0x10  Data  Lc  stm32f4xx_rcc.o [1]
BusFault_Handler         0x800'0873   0x2  Code  Gb  stm32f4xx_it.o [1]
CAN1_RX0_IRQHandler      0x800'0969        Code  Wk  startup_stm32f40_41xxx.o [1]
CAN1_RX1_IRQHandler      0x800'096d        Code  Wk  startup_stm32f40_41xxx.o [1]
CAN1_SCE_IRQHandler      0x800'0971        Code  Wk  startup_stm32f40_41xxx.o [1]
CAN1_TX_IRQHandler       0x800'0965        Code  Wk  startup_stm32f40_41xxx.o [1]
CAN2_RX0_IRQHandler      0x800'0a15        Code  Wk  startup_stm32f40_41xxx.o [1]
CAN2_RX1_IRQHandler      0x800'0a19        Code  Wk  startup_stm32f40_41xxx.o [1]
CAN2_SCE_IRQHandler      0x800'0a1d        Code  Wk  startup_stm32f40_41xxx.o [1]
CAN2_TX_IRQHandler       0x800'0a11        Code  Wk  startup_stm32f40_41xxx.o [1]
CRYP_IRQHandler          0x800'0a51        Code  Wk  startup_stm32f40_41xxx.o [1]
CSTACK$$Base            0x2000'0010         --   Gb  - Linker created -
CSTACK$$Limit           0x2000'2010         --   Gb  - Linker created -
DCMI_IRQHandler          0x800'0a4d        Code  Wk  startup_stm32f40_41xxx.o [1]
DMA1_Stream0_IRQHandler
                         0x800'0945        Code  Wk  startup_stm32f40_41xxx.o [1]
DMA1_Stream1_IRQHandler
                         0x800'0949        Code  Wk  startup_stm32f40_41xxx.o [1]
DMA1_Stream2_IRQHandler
                         0x800'094d        Code  Wk  startup_stm32f40_41xxx.o [1]
DMA1_Stream3_IRQHandler
                         0x800'0951        Code  Wk  startup_stm32f40_41xxx.o [1]
DMA1_Stream4_IRQHandler
                         0x800'0955        Code  Wk  startup_stm32f40_41xxx.o [1]
DMA1_Stream5_IRQHandler
                         0x800'0959        Code  Wk  startup_stm32f40_41xxx.o [1]
DMA1_Stream6_IRQHandler
                         0x800'095d        Code  Wk  startup_stm32f40_41xxx.o [1]
DMA1_Stream7_IRQHandler
                         0x800'09d1        Code  Wk  startup_stm32f40_41xxx.o [1]
DMA2_Stream0_IRQHandler
                         0x800'09f5        Code  Wk  startup_stm32f40_41xxx.o [1]
DMA2_Stream1_IRQHandler
                         0x800'09f9        Code  Wk  startup_stm32f40_41xxx.o [1]
DMA2_Stream2_IRQHandler
                         0x800'09fd        Code  Wk  startup_stm32f40_41xxx.o [1]
DMA2_Stream3_IRQHandler
                         0x800'0a01        Code  Wk  startup_stm32f40_41xxx.o [1]
DMA2_Stream4_IRQHandler
                         0x800'0a05        Code  Wk  startup_stm32f40_41xxx.o [1]
DMA2_Stream5_IRQHandler
                         0x800'0a25        Code  Wk  startup_stm32f40_41xxx.o [1]
DMA2_Stream6_IRQHandler
                         0x800'0a29        Code  Wk  startup_stm32f40_41xxx.o [1]
DMA2_Stream7_IRQHandler
                         0x800'0a2d        Code  Wk  startup_stm32f40_41xxx.o [1]
DebugMon_Handler         0x800'0879   0x2  Code  Gb  stm32f4xx_it.o [1]
ETH_IRQHandler           0x800'0a09        Code  Wk  startup_stm32f40_41xxx.o [1]
ETH_WKUP_IRQHandler      0x800'0a0d        Code  Wk  startup_stm32f40_41xxx.o [1]
EXTI0_IRQHandler         0x800'0931        Code  Wk  startup_stm32f40_41xxx.o [1]
EXTI15_10_IRQHandler     0x800'09b5        Code  Wk  startup_stm32f40_41xxx.o [1]
EXTI1_IRQHandler         0x800'0935        Code  Wk  startup_stm32f40_41xxx.o [1]
EXTI2_IRQHandler         0x800'0939        Code  Wk  startup_stm32f40_41xxx.o [1]
EXTI3_IRQHandler         0x800'093d        Code  Wk  startup_stm32f40_41xxx.o [1]
EXTI4_IRQHandler         0x800'0941        Code  Wk  startup_stm32f40_41xxx.o [1]
EXTI9_5_IRQHandler       0x800'0975        Code  Wk  startup_stm32f40_41xxx.o [1]
FLASH_IRQHandler         0x800'0929        Code  Wk  startup_stm32f40_41xxx.o [1]
FPU_IRQHandler           0x800'0a59        Code  Wk  startup_stm32f40_41xxx.o [1]
FSMC_IRQHandler          0x800'09d5        Code  Wk  startup_stm32f40_41xxx.o [1]
GPIO_Init                0x800'0431  0x90  Code  Gb  stm32f4xx_gpio.o [1]
GPIO_PinAFConfig         0x800'04c1  0x50  Code  Gb  stm32f4xx_gpio.o [1]
HASH_RNG_IRQHandler      0x800'0a55        Code  Wk  startup_stm32f40_41xxx.o [1]
HardFault_Handler        0x800'086f   0x2  Code  Gb  stm32f4xx_it.o [1]
I2C1_ER_IRQHandler       0x800'0995        Code  Wk  startup_stm32f40_41xxx.o [1]
I2C1_EV_IRQHandler       0x800'0991        Code  Wk  startup_stm32f40_41xxx.o [1]
I2C2_ER_IRQHandler       0x800'099d        Code  Wk  startup_stm32f40_41xxx.o [1]
I2C2_EV_IRQHandler       0x800'0999        Code  Wk  startup_stm32f40_41xxx.o [1]
I2C3_ER_IRQHandler       0x800'0a39        Code  Wk  startup_stm32f40_41xxx.o [1]
I2C3_EV_IRQHandler       0x800'0a35        Code  Wk  startup_stm32f40_41xxx.o [1]
LED_init                 0x800'0189  0x2a  Code  Gb  main.o [1]
MemManage_Handler        0x800'0871   0x2  Code  Gb  stm32f4xx_it.o [1]
NMI_Handler              0x800'086d   0x2  Code  Gb  stm32f4xx_it.o [1]
NVIC_Init                0x800'0737  0x60  Code  Gb  misc.o [1]
NVIC_PriorityGroupConfig
                         0x800'072d   0xa  Code  Gb  misc.o [1]
OTG_FS_IRQHandler        0x800'0a21        Code  Wk  startup_stm32f40_41xxx.o [1]
OTG_FS_WKUP_IRQHandler   0x800'09bd        Code  Wk  startup_stm32f40_41xxx.o [1]
OTG_HS_EP1_IN_IRQHandler
                         0x800'0a41        Code  Wk  startup_stm32f40_41xxx.o [1]
OTG_HS_EP1_OUT_IRQHandler
                         0x800'0a3d        Code  Wk  startup_stm32f40_41xxx.o [1]
OTG_HS_IRQHandler        0x800'0a49        Code  Wk  startup_stm32f40_41xxx.o [1]
OTG_HS_WKUP_IRQHandler   0x800'0a45        Code  Wk  startup_stm32f40_41xxx.o [1]
PVD_IRQHandler           0x800'091d        Code  Wk  startup_stm32f40_41xxx.o [1]
PendSV_Handler           0x800'087b   0x2  Code  Gb  stm32f4xx_it.o [1]
RCC_AHB1PeriphClockCmd   0x800'03dd  0x1c  Code  Gb  stm32f4xx_rcc.o [1]
RCC_APB1PeriphClockCmd   0x800'03f9  0x1c  Code  Gb  stm32f4xx_rcc.o [1]
RCC_GetClocksFreq        0x800'031d  0xc0  Code  Gb  stm32f4xx_rcc.o [1]
RCC_IRQHandler           0x800'092d        Code  Wk  startup_stm32f40_41xxx.o [1]
RTC_Alarm_IRQHandler     0x800'09b9        Code  Wk  startup_stm32f40_41xxx.o [1]
RTC_WKUP_IRQHandler      0x800'0925        Code  Wk  startup_stm32f40_41xxx.o [1]
Region$$Table$$Base      0x800'0858         --   Gb  - Linker created -
Region$$Table$$Limit     0x800'086c         --   Gb  - Linker created -
Reset_Handler            0x800'08f9        Code  Wk  startup_stm32f40_41xxx.o [1]
SDIO_IRQHandler          0x800'09d9        Code  Wk  startup_stm32f40_41xxx.o [1]
SPI1_IRQHandler          0x800'09a1        Code  Wk  startup_stm32f40_41xxx.o [1]
SPI2_IRQHandler          0x800'09a5        Code  Wk  startup_stm32f40_41xxx.o [1]
SPI3_IRQHandler          0x800'09e1        Code  Wk  startup_stm32f40_41xxx.o [1]
SVC_Handler              0x800'0877   0x2  Code  Gb  stm32f4xx_it.o [1]
Serial_Send              0x800'01b3  0x20  Code  Gb  main.o [1]
Serial_Send_Printf       0x800'01d3  0x16  Code  Gb  main.o [1]
SysTick_Handler          0x800'087d   0x2  Code  Gb  stm32f4xx_it.o [1]
SystemInit               0x800'07ad  0x40  Code  Gb  system_stm32f4xx.o [1]
TAMP_STAMP_IRQHandler    0x800'0921        Code  Wk  startup_stm32f40_41xxx.o [1]
TIM1_BRK_TIM9_IRQHandler
                         0x800'0979        Code  Wk  startup_stm32f40_41xxx.o [1]
TIM1_CC_IRQHandler       0x800'0985        Code  Wk  startup_stm32f40_41xxx.o [1]
TIM1_TRG_COM_TIM11_IRQHandler
                         0x800'0981        Code  Wk  startup_stm32f40_41xxx.o [1]
TIM1_UP_TIM10_IRQHandler
                         0x800'097d        Code  Wk  startup_stm32f40_41xxx.o [1]
TIM2_Configuration       0x800'0267  0x70  Code  Gb  main.o [1]
TIM2_IRQHandler          0x800'02d7  0x22  Code  Gb  main.o [1]
TIM3_IRQHandler          0x800'0989        Code  Wk  startup_stm32f40_41xxx.o [1]
TIM4_IRQHandler          0x800'098d        Code  Wk  startup_stm32f40_41xxx.o [1]
TIM5_IRQHandler          0x800'09dd        Code  Wk  startup_stm32f40_41xxx.o [1]
TIM6_DAC_IRQHandler      0x800'09ed        Code  Wk  startup_stm32f40_41xxx.o [1]
TIM7_IRQHandler          0x800'09f1        Code  Wk  startup_stm32f40_41xxx.o [1]
TIM8_BRK_TIM12_IRQHandler
                         0x800'09c1        Code  Wk  startup_stm32f40_41xxx.o [1]
TIM8_CC_IRQHandler       0x800'09cd        Code  Wk  startup_stm32f40_41xxx.o [1]
TIM8_TRG_COM_TIM14_IRQHandler
                         0x800'09c9        Code  Wk  startup_stm32f40_41xxx.o [1]
TIM8_UP_TIM13_IRQHandler
                         0x800'09c5        Code  Wk  startup_stm32f40_41xxx.o [1]
TIM_ClearITPendingBit    0x800'0725   0x8  Code  Gb  stm32f4xx_tim.o [1]
TIM_Cmd                  0x800'06af  0x1c  Code  Gb  stm32f4xx_tim.o [1]
TIM_GetITStatus          0x800'0701  0x24  Code  Gb  stm32f4xx_tim.o [1]
TIM_ITConfig             0x800'06e9  0x18  Code  Gb  stm32f4xx_tim.o [1]
TIM_TimeBaseInit         0x800'0641  0x6e  Code  Gb  stm32f4xx_tim.o [1]
UART4_IRQHandler         0x800'09e5        Code  Wk  startup_stm32f40_41xxx.o [1]
UART5_IRQHandler         0x800'09e9        Code  Wk  startup_stm32f40_41xxx.o [1]
USART1_IRQHandler        0x800'09a9        Code  Wk  startup_stm32f40_41xxx.o [1]
USART2_Configuration     0x800'01e9  0x7e  Code  Gb  main.o [1]
USART2_IRQHandler        0x800'09ad        Code  Wk  startup_stm32f40_41xxx.o [1]
USART3_IRQHandler        0x800'09b1        Code  Wk  startup_stm32f40_41xxx.o [1]
USART6_IRQHandler        0x800'0a31        Code  Wk  startup_stm32f40_41xxx.o [1]
USART_Cmd                0x800'05d9  0x1c  Code  Gb  stm32f4xx_usart.o [1]
USART_GetFlagStatus      0x800'05fd  0x1a  Code  Gb  stm32f4xx_usart.o [1]
USART_Init               0x800'0511  0xba  Code  Gb  stm32f4xx_usart.o [1]
USART_SendData           0x800'05f5   0x8  Code  Gb  stm32f4xx_usart.o [1]
UsageFault_Handler       0x800'0875   0x2  Code  Gb  stm32f4xx_it.o [1]
WWDG_IRQHandler          0x800'0919        Code  Wk  startup_stm32f40_41xxx.o [1]
__cmain                  0x800'0881        Code  Gb  cmain.o [4]
__exit                   0x800'08b5  0x14  Code  Gb  exit.o [5]
__iar_copy_init3         0x800'0617  0x2a  Code  Gb  copy_init3.o [4]
__iar_data_init3         0x800'080d  0x28  Code  Gb  data_init.o [4]
__iar_init_vfp           0x800'0835        Code  Gb  fpinit_M.o [3]
__iar_program_start      0x800'08c9        Code  Gb  cstartup_M.o [4]
__low_level_init         0x800'089f   0x4  Code  Gb  low_level_init.o [2]
__vector_table           0x800'0000        Data  Gb  startup_stm32f40_41xxx.o [1]
_call_main               0x800'088d        Code  Gb  cmain.o [4]
_exit                    0x800'08a9        Code  Gb  cexit.o [4]
exit                     0x800'08a3   0x4  Code  Gb  exit.o [2]
main                     0x800'0309  0x14  Code  Gb  main.o [1]


[1] = C:\Users\rkdehdduq12\Desktop\Physical_Com\en.stsw-stm32065_v1-9-0\STM32F4xx_DSP_StdPeriph_Lib_V1.9.0\Project\USART\Debug\Obj
[2] = dl7M_tln.a
[3] = m7M_tls.a
[4] = rt7M_tl.a
[5] = shb_l.a

  2'594 bytes of readonly  code memory
     58 bytes of readonly  data memory
  8'208 bytes of readwrite data memory

Errors: none
Warnings: none
