###############################################################################
#
# IAR ELF Linker V9.40.1.364/W64 for ARM                  13/Nov/2023  13:56:45
# Copyright 2007-2023 IAR Systems AB.
#
#    Output file  =
#        C:\Users\rkdehdduq12\Desktop\Physical_Com\en.stsw-stm32065_v1-9-0\STM32F4xx_DSP_StdPeriph_Lib_V1.9.0\Project\ADC\Debug\Exe\ADC.out
#    Map file     =
#        C:\Users\rkdehdduq12\Desktop\Physical_Com\en.stsw-stm32065_v1-9-0\STM32F4xx_DSP_StdPeriph_Lib_V1.9.0\Project\ADC\Debug\List\ADC.map
#    Command line =
#        -f
#        C:\Users\rkdehdduq12\Desktop\Physical_Com\en.stsw-stm32065_v1-9-0\STM32F4xx_DSP_StdPeriph_Lib_V1.9.0\Project\ADC\Debug\Exe\ADC.out.rsp
#        (C:\Users\rkdehdduq12\Desktop\Physical_Com\en.stsw-stm32065_v1-9-0\STM32F4xx_DSP_StdPeriph_Lib_V1.9.0\Project\ADC\Debug\Obj\main.o
#        C:\Users\rkdehdduq12\Desktop\Physical_Com\en.stsw-stm32065_v1-9-0\STM32F4xx_DSP_StdPeriph_Lib_V1.9.0\Project\ADC\Debug\Obj\misc.o
#        C:\Users\rkdehdduq12\Desktop\Physical_Com\en.stsw-stm32065_v1-9-0\STM32F4xx_DSP_StdPeriph_Lib_V1.9.0\Project\ADC\Debug\Obj\startup_stm32f40_41xxx.o
#        C:\Users\rkdehdduq12\Desktop\Physical_Com\en.stsw-stm32065_v1-9-0\STM32F4xx_DSP_StdPeriph_Lib_V1.9.0\Project\ADC\Debug\Obj\stm32f4xx_adc.o
#        C:\Users\rkdehdduq12\Desktop\Physical_Com\en.stsw-stm32065_v1-9-0\STM32F4xx_DSP_StdPeriph_Lib_V1.9.0\Project\ADC\Debug\Obj\stm32f4xx_gpio.o
#        C:\Users\rkdehdduq12\Desktop\Physical_Com\en.stsw-stm32065_v1-9-0\STM32F4xx_DSP_StdPeriph_Lib_V1.9.0\Project\ADC\Debug\Obj\stm32f4xx_it.o
#        C:\Users\rkdehdduq12\Desktop\Physical_Com\en.stsw-stm32065_v1-9-0\STM32F4xx_DSP_StdPeriph_Lib_V1.9.0\Project\ADC\Debug\Obj\stm32f4xx_rcc.o
#        C:\Users\rkdehdduq12\Desktop\Physical_Com\en.stsw-stm32065_v1-9-0\STM32F4xx_DSP_StdPeriph_Lib_V1.9.0\Project\ADC\Debug\Obj\stm32f4xx_syscfg.o
#        C:\Users\rkdehdduq12\Desktop\Physical_Com\en.stsw-stm32065_v1-9-0\STM32F4xx_DSP_StdPeriph_Lib_V1.9.0\Project\ADC\Debug\Obj\stm32f4xx_tim.o
#        C:\Users\rkdehdduq12\Desktop\Physical_Com\en.stsw-stm32065_v1-9-0\STM32F4xx_DSP_StdPeriph_Lib_V1.9.0\Project\ADC\Debug\Obj\system_stm32f4xx.o
#        --no_out_extension -o
#        C:\Users\rkdehdduq12\Desktop\Physical_Com\en.stsw-stm32065_v1-9-0\STM32F4xx_DSP_StdPeriph_Lib_V1.9.0\Project\ADC\Debug\Exe\ADC.out
#        --redirect _Printf=_PrintfFullNoMb --redirect _Scanf=_ScanfFullNoMb
#        --map
#        C:\Users\rkdehdduq12\Desktop\Physical_Com\en.stsw-stm32065_v1-9-0\STM32F4xx_DSP_StdPeriph_Lib_V1.9.0\Project\ADC\Debug\List\ADC.map
#        --config "C:\Program Files\IAR Systems\Embedded Workbench
#        9.2\arm/config/linker/ST/stm32f411xE.icf" --semihosting --entry
#        __iar_program_start --vfe --text_out locale --cpu=Cortex-M4
#        --fpu=VFPv4_sp) --dependencies=n
#        C:\Users\rkdehdduq12\Desktop\Physical_Com\en.stsw-stm32065_v1-9-0\STM32F4xx_DSP_StdPeriph_Lib_V1.9.0\Project\ADC\Debug\Exe\ADC.out.iar_deps
#
###############################################################################

*******************************************************************************
*** RUNTIME MODEL ATTRIBUTES
***

CppFlavor       = *
__CPP_Runtime   = 1
__SystemLibrary = DLib
__dlib_version  = 6


*******************************************************************************
*** HEAP SELECTION
***

The basic heap was selected because --advanced_heap
was not specified and the application did not appear to
be primarily optimized for speed.


*******************************************************************************
*** PLACEMENT SUMMARY
***

"A0":  place at address 0x800'0000 { ro section .intvec };
"P1":  place in [from 0x800'0000 to 0x807'ffff] { ro };
define block CSTACK with size = 8K, alignment = 8 { };
define block HEAP with size = 8K, alignment = 8 { };
"P2":  place in [from 0x2000'0000 to 0x2001'ffff] {
          rw, block CSTACK, block HEAP };
initialize by copy { rw };

  Section            Kind         Address    Size  Object
  -------            ----         -------    ----  ------
"A0":                                       0x188
  .intvec            ro code   0x800'0000   0x188  startup_stm32f40_41xxx.o [1]
                             - 0x800'0188   0x188

"P1":                                       0x9cd
  .text              ro code   0x800'0188   0x310  main.o [1]
  .text              ro code   0x800'0498    0x40  stm32f4xx_rcc.o [1]
  .text              ro code   0x800'04d8    0xa0  stm32f4xx_gpio.o [1]
  .text              ro code   0x800'0578    0x80  misc.o [1]
  .text              ro code   0x800'05f8   0x1cc  stm32f4xx_adc.o [1]
  .text              ro code   0x800'07c4   0x124  system_stm32f4xx.o [1]
  .text              ro code   0x800'08e8    0x3a  packbits_init_single.o [4]
  .text              ro code   0x800'0922    0x12  stm32f4xx_it.o [1]
  .text              ro code   0x800'0934    0x28  data_init.o [4]
  .text              ro code   0x800'095c    0x22  fpinit_M.o [3]
  .iar.init_table    const     0x800'0980    0x10  - Linker created -
  .text              ro code   0x800'0990    0x1e  cmain.o [4]
  .text              ro code   0x800'09ae     0x4  low_level_init.o [2]
  .text              ro code   0x800'09b2     0x4  exit.o [2]
  .text              ro code   0x800'09b8     0xa  cexit.o [4]
  .text              ro code   0x800'09c4    0x14  exit.o [5]
  .text              ro code   0x800'09d8    0x1c  cstartup_M.o [4]
  .text              ro code   0x800'09f4    0x10  startup_stm32f40_41xxx.o [1]
  .text              ro code   0x800'0a04     0x4  startup_stm32f40_41xxx.o [1]
  .text              ro code   0x800'0a08     0x4  startup_stm32f40_41xxx.o [1]
  .text              ro code   0x800'0a0c     0x4  startup_stm32f40_41xxx.o [1]
  .text              ro code   0x800'0a10     0x4  startup_stm32f40_41xxx.o [1]
  .text              ro code   0x800'0a14     0x4  startup_stm32f40_41xxx.o [1]
  .text              ro code   0x800'0a18     0x4  startup_stm32f40_41xxx.o [1]
  .text              ro code   0x800'0a1c     0x4  startup_stm32f40_41xxx.o [1]
  .text              ro code   0x800'0a20     0x4  startup_stm32f40_41xxx.o [1]
  .text              ro code   0x800'0a24     0x4  startup_stm32f40_41xxx.o [1]
  .text              ro code   0x800'0a28     0x4  startup_stm32f40_41xxx.o [1]
  .text              ro code   0x800'0a2c     0x4  startup_stm32f40_41xxx.o [1]
  .text              ro code   0x800'0a30     0x4  startup_stm32f40_41xxx.o [1]
  .text              ro code   0x800'0a34     0x4  startup_stm32f40_41xxx.o [1]
  .text              ro code   0x800'0a38     0x4  startup_stm32f40_41xxx.o [1]
  .text              ro code   0x800'0a3c     0x4  startup_stm32f40_41xxx.o [1]
  .text              ro code   0x800'0a40     0x4  startup_stm32f40_41xxx.o [1]
  .text              ro code   0x800'0a44     0x4  startup_stm32f40_41xxx.o [1]
  .text              ro code   0x800'0a48     0x4  startup_stm32f40_41xxx.o [1]
  .text              ro code   0x800'0a4c     0x4  startup_stm32f40_41xxx.o [1]
  .text              ro code   0x800'0a50     0x4  startup_stm32f40_41xxx.o [1]
  .text              ro code   0x800'0a54     0x4  startup_stm32f40_41xxx.o [1]
  .text              ro code   0x800'0a58     0x4  startup_stm32f40_41xxx.o [1]
  .text              ro code   0x800'0a5c     0x4  startup_stm32f40_41xxx.o [1]
  .text              ro code   0x800'0a60     0x4  startup_stm32f40_41xxx.o [1]
  .text              ro code   0x800'0a64     0x4  startup_stm32f40_41xxx.o [1]
  .text              ro code   0x800'0a68     0x4  startup_stm32f40_41xxx.o [1]
  .text              ro code   0x800'0a6c     0x4  startup_stm32f40_41xxx.o [1]
  .text              ro code   0x800'0a70     0x4  startup_stm32f40_41xxx.o [1]
  .text              ro code   0x800'0a74     0x4  startup_stm32f40_41xxx.o [1]
  .text              ro code   0x800'0a78     0x4  startup_stm32f40_41xxx.o [1]
  .text              ro code   0x800'0a7c     0x4  startup_stm32f40_41xxx.o [1]
  .text              ro code   0x800'0a80     0x4  startup_stm32f40_41xxx.o [1]
  .text              ro code   0x800'0a84     0x4  startup_stm32f40_41xxx.o [1]
  .text              ro code   0x800'0a88     0x4  startup_stm32f40_41xxx.o [1]
  .text              ro code   0x800'0a8c     0x4  startup_stm32f40_41xxx.o [1]
  .text              ro code   0x800'0a90     0x4  startup_stm32f40_41xxx.o [1]
  .text              ro code   0x800'0a94     0x4  startup_stm32f40_41xxx.o [1]
  .text              ro code   0x800'0a98     0x4  startup_stm32f40_41xxx.o [1]
  .text              ro code   0x800'0a9c     0x4  startup_stm32f40_41xxx.o [1]
  .text              ro code   0x800'0aa0     0x4  startup_stm32f40_41xxx.o [1]
  .text              ro code   0x800'0aa4     0x4  startup_stm32f40_41xxx.o [1]
  .text              ro code   0x800'0aa8     0x4  startup_stm32f40_41xxx.o [1]
  .text              ro code   0x800'0aac     0x4  startup_stm32f40_41xxx.o [1]
  .text              ro code   0x800'0ab0     0x4  startup_stm32f40_41xxx.o [1]
  .text              ro code   0x800'0ab4     0x4  startup_stm32f40_41xxx.o [1]
  .text              ro code   0x800'0ab8     0x4  startup_stm32f40_41xxx.o [1]
  .text              ro code   0x800'0abc     0x4  startup_stm32f40_41xxx.o [1]
  .text              ro code   0x800'0ac0     0x4  startup_stm32f40_41xxx.o [1]
  .text              ro code   0x800'0ac4     0x4  startup_stm32f40_41xxx.o [1]
  .text              ro code   0x800'0ac8     0x4  startup_stm32f40_41xxx.o [1]
  .text              ro code   0x800'0acc     0x4  startup_stm32f40_41xxx.o [1]
  .text              ro code   0x800'0ad0     0x4  startup_stm32f40_41xxx.o [1]
  .text              ro code   0x800'0ad4     0x4  startup_stm32f40_41xxx.o [1]
  .text              ro code   0x800'0ad8     0x4  startup_stm32f40_41xxx.o [1]
  .text              ro code   0x800'0adc     0x4  startup_stm32f40_41xxx.o [1]
  .text              ro code   0x800'0ae0     0x4  startup_stm32f40_41xxx.o [1]
  .text              ro code   0x800'0ae4     0x4  startup_stm32f40_41xxx.o [1]
  .text              ro code   0x800'0ae8     0x4  startup_stm32f40_41xxx.o [1]
  .text              ro code   0x800'0aec     0x4  startup_stm32f40_41xxx.o [1]
  .text              ro code   0x800'0af0     0x4  startup_stm32f40_41xxx.o [1]
  .text              ro code   0x800'0af4     0x4  startup_stm32f40_41xxx.o [1]
  .text              ro code   0x800'0af8     0x4  startup_stm32f40_41xxx.o [1]
  .text              ro code   0x800'0afc     0x4  startup_stm32f40_41xxx.o [1]
  .text              ro code   0x800'0b00     0x4  startup_stm32f40_41xxx.o [1]
  .text              ro code   0x800'0b04     0x4  startup_stm32f40_41xxx.o [1]
  .text              ro code   0x800'0b08     0x4  startup_stm32f40_41xxx.o [1]
  .text              ro code   0x800'0b0c     0x4  startup_stm32f40_41xxx.o [1]
  .text              ro code   0x800'0b10     0x4  startup_stm32f40_41xxx.o [1]
  .text              ro code   0x800'0b14     0x4  startup_stm32f40_41xxx.o [1]
  .text              ro code   0x800'0b18     0x4  startup_stm32f40_41xxx.o [1]
  .text              ro code   0x800'0b1c     0x4  startup_stm32f40_41xxx.o [1]
  .text              ro code   0x800'0b20     0x4  startup_stm32f40_41xxx.o [1]
  .text              ro code   0x800'0b24     0x4  startup_stm32f40_41xxx.o [1]
  .text              ro code   0x800'0b28     0x4  startup_stm32f40_41xxx.o [1]
  .text              ro code   0x800'0b2c     0x4  startup_stm32f40_41xxx.o [1]
  .text              ro code   0x800'0b30     0x4  startup_stm32f40_41xxx.o [1]
  .text              ro code   0x800'0b34     0x4  startup_stm32f40_41xxx.o [1]
  .text              ro code   0x800'0b38     0x4  startup_stm32f40_41xxx.o [1]
  .text              ro code   0x800'0b3c     0x4  startup_stm32f40_41xxx.o [1]
  .text              ro code   0x800'0b40     0x4  startup_stm32f40_41xxx.o [1]
  .text              ro code   0x800'0b44     0x4  startup_stm32f40_41xxx.o [1]
  .rodata            const     0x800'0b48     0x0  packbits_init_single.o [4]
  Initializer bytes  const     0x800'0b48     0xd  <for P2-1>
                             - 0x800'0b55   0x9cd

"P2", part 1 of 2:                           0x21
  P2-1                        0x2000'0000    0x21  <Init block>
    .data            inited   0x2000'0000     0xc  main.o [1]
    .bss             inited   0x2000'000c     0x4  main.o [1]
    .bss             inited   0x2000'0010     0x4  main.o [1]
    .bss             inited   0x2000'0014     0x4  main.o [1]
    .bss             inited   0x2000'0018     0x4  main.o [1]
    .bss             inited   0x2000'001c     0x4  main.o [1]
    .bss             inited   0x2000'0020     0x1  main.o [1]
                            - 0x2000'0021    0x21

"P2", part 2 of 2:                         0x2000
  CSTACK                      0x2000'0028  0x2000  <Block>
    CSTACK           uninit   0x2000'0028  0x2000  <Block tail>
                            - 0x2000'2028  0x2000

Unused ranges:

         From           To      Size
         ----           --      ----
   0x800'0b55   0x807'ffff  0x7'f4ab
  0x2000'0021  0x2000'0027       0x7
  0x2000'2028  0x2001'ffff  0x1'dfd8


*******************************************************************************
*** INIT TABLE
***

          Address      Size
          -------      ----
Copy/packbits (__iar_packbits_init_single3)
    1 source range, total size 0xd (39% of destination):
           0x800'0b48   0xd
    1 destination range, total size 0x21:
          0x2000'0000  0x21



*******************************************************************************
*** MODULE SUMMARY
***

    Module                    ro code  ro data  rw data
    ------                    -------  -------  -------
command line/config:
    ---------------------------------------------------
    Total:

C:\Users\rkdehdduq12\Desktop\Physical_Com\en.stsw-stm32065_v1-9-0\STM32F4xx_DSP_StdPeriph_Lib_V1.9.0\Project\ADC\Debug\Obj: [1]
    main.o                        784       13       33
    misc.o                        128
    startup_stm32f40_41xxx.o      732
    stm32f4xx_adc.o               460
    stm32f4xx_gpio.o              160
    stm32f4xx_it.o                 18
    stm32f4xx_rcc.o                64
    system_stm32f4xx.o            292
    ---------------------------------------------------
    Total:                      2'638       13       33

dl7M_tln.a: [2]
    exit.o                          4
    low_level_init.o                4
    ---------------------------------------------------
    Total:                          8

m7M_tls.a: [3]
    fpinit_M.o                     34
    ---------------------------------------------------
    Total:                         34

rt7M_tl.a: [4]
    cexit.o                        10
    cmain.o                        30
    cstartup_M.o                   28
    data_init.o                    40
    packbits_init_single.o         58
    ---------------------------------------------------
    Total:                        166

shb_l.a: [5]
    exit.o                         20
    ---------------------------------------------------
    Total:                         20

    Gaps                            4        2
    Linker created                          16    8'192
-------------------------------------------------------
    Grand Total:                2'870       31    8'225


*******************************************************************************
*** ENTRY LIST
***

Entry                       Address  Size  Type      Object
-----                       -------  ----  ----      ------
.iar.init_table$$Base    0x800'0980         --   Gb  - Linker created -
.iar.init_table$$Limit   0x800'0990         --   Gb  - Linker created -
?main                    0x800'0991        Code  Gb  cmain.o [4]
ADC1_data               0x2000'000c   0x4  Data  Gb  main.o [1]
ADC1_flag               0x2000'0020   0x1  Data  Gb  main.o [1]
ADC1_voltage            0x2000'0010   0x4  Data  Gb  main.o [1]
ADC_ClearITPendingBit    0x800'07b7   0xe  Code  Gb  stm32f4xx_adc.o [1]
ADC_Cmd                  0x800'0661  0x1a  Code  Gb  stm32f4xx_adc.o [1]
ADC_CommonInit           0x800'0643  0x1e  Code  Gb  stm32f4xx_adc.o [1]
ADC_Configuration        0x800'02c1  0xb8  Code  Gb  main.o [1]
ADC_GetConversionValue   0x800'074f   0x6  Code  Gb  stm32f4xx_adc.o [1]
ADC_GetITStatus          0x800'0787  0x30  Code  Gb  stm32f4xx_adc.o [1]
ADC_IRQHandler           0x800'0379  0x66  Code  Gb  main.o [1]
ADC_ITConfig             0x800'0765  0x22  Code  Gb  stm32f4xx_adc.o [1]
ADC_Init                 0x800'05f9  0x4a  Code  Gb  stm32f4xx_adc.o [1]
ADC_RegularChannelConfig
                         0x800'067b  0xca  Code  Gb  stm32f4xx_adc.o [1]
ADC_SoftwareStartConv    0x800'0745   0xa  Code  Gb  stm32f4xx_adc.o [1]
ADC_to_Voltage           0x800'02a9  0x18  Code  Gb  main.o [1]
BusFault_Handler         0x800'0929   0x2  Code  Gb  stm32f4xx_it.o [1]
CAN1_RX0_IRQHandler      0x800'0a51        Code  Wk  startup_stm32f40_41xxx.o [1]
CAN1_RX1_IRQHandler      0x800'0a55        Code  Wk  startup_stm32f40_41xxx.o [1]
CAN1_SCE_IRQHandler      0x800'0a59        Code  Wk  startup_stm32f40_41xxx.o [1]
CAN1_TX_IRQHandler       0x800'0a4d        Code  Wk  startup_stm32f40_41xxx.o [1]
CAN2_RX0_IRQHandler      0x800'0b01        Code  Wk  startup_stm32f40_41xxx.o [1]
CAN2_RX1_IRQHandler      0x800'0b05        Code  Wk  startup_stm32f40_41xxx.o [1]
CAN2_SCE_IRQHandler      0x800'0b09        Code  Wk  startup_stm32f40_41xxx.o [1]
CAN2_TX_IRQHandler       0x800'0afd        Code  Wk  startup_stm32f40_41xxx.o [1]
CRYP_IRQHandler          0x800'0b3d        Code  Wk  startup_stm32f40_41xxx.o [1]
CSTACK$$Base            0x2000'0028         --   Gb  - Linker created -
CSTACK$$Limit           0x2000'2028         --   Gb  - Linker created -
Count_Progress           0x800'0219  0x90  Code  Gb  main.o [1]
DCMI_IRQHandler          0x800'0b39        Code  Wk  startup_stm32f40_41xxx.o [1]
DMA1_Stream0_IRQHandler
                         0x800'0a31        Code  Wk  startup_stm32f40_41xxx.o [1]
DMA1_Stream1_IRQHandler
                         0x800'0a35        Code  Wk  startup_stm32f40_41xxx.o [1]
DMA1_Stream2_IRQHandler
                         0x800'0a39        Code  Wk  startup_stm32f40_41xxx.o [1]
DMA1_Stream3_IRQHandler
                         0x800'0a3d        Code  Wk  startup_stm32f40_41xxx.o [1]
DMA1_Stream4_IRQHandler
                         0x800'0a41        Code  Wk  startup_stm32f40_41xxx.o [1]
DMA1_Stream5_IRQHandler
                         0x800'0a45        Code  Wk  startup_stm32f40_41xxx.o [1]
DMA1_Stream6_IRQHandler
                         0x800'0a49        Code  Wk  startup_stm32f40_41xxx.o [1]
DMA1_Stream7_IRQHandler
                         0x800'0abd        Code  Wk  startup_stm32f40_41xxx.o [1]
DMA2_Stream0_IRQHandler
                         0x800'0ae1        Code  Wk  startup_stm32f40_41xxx.o [1]
DMA2_Stream1_IRQHandler
                         0x800'0ae5        Code  Wk  startup_stm32f40_41xxx.o [1]
DMA2_Stream2_IRQHandler
                         0x800'0ae9        Code  Wk  startup_stm32f40_41xxx.o [1]
DMA2_Stream3_IRQHandler
                         0x800'0aed        Code  Wk  startup_stm32f40_41xxx.o [1]
DMA2_Stream4_IRQHandler
                         0x800'0af1        Code  Wk  startup_stm32f40_41xxx.o [1]
DMA2_Stream5_IRQHandler
                         0x800'0b11        Code  Wk  startup_stm32f40_41xxx.o [1]
DMA2_Stream6_IRQHandler
                         0x800'0b15        Code  Wk  startup_stm32f40_41xxx.o [1]
DMA2_Stream7_IRQHandler
                         0x800'0b19        Code  Wk  startup_stm32f40_41xxx.o [1]
DebugMon_Handler         0x800'092f   0x2  Code  Gb  stm32f4xx_it.o [1]
Delay                    0x800'0189  0x14  Code  Gb  main.o [1]
ETH_IRQHandler           0x800'0af5        Code  Wk  startup_stm32f40_41xxx.o [1]
ETH_WKUP_IRQHandler      0x800'0af9        Code  Wk  startup_stm32f40_41xxx.o [1]
EXTI0_IRQHandler         0x800'0a1d        Code  Wk  startup_stm32f40_41xxx.o [1]
EXTI15_10_IRQHandler     0x800'0aa1        Code  Wk  startup_stm32f40_41xxx.o [1]
EXTI1_IRQHandler         0x800'0a21        Code  Wk  startup_stm32f40_41xxx.o [1]
EXTI2_IRQHandler         0x800'0a25        Code  Wk  startup_stm32f40_41xxx.o [1]
EXTI3_IRQHandler         0x800'0a29        Code  Wk  startup_stm32f40_41xxx.o [1]
EXTI4_IRQHandler         0x800'0a2d        Code  Wk  startup_stm32f40_41xxx.o [1]
EXTI9_5_IRQHandler       0x800'0a5d        Code  Wk  startup_stm32f40_41xxx.o [1]
FLASH_IRQHandler         0x800'0a15        Code  Wk  startup_stm32f40_41xxx.o [1]
FND_Init                 0x800'01c7  0x52  Code  Gb  main.o [1]
FPU_IRQHandler           0x800'0b45        Code  Wk  startup_stm32f40_41xxx.o [1]
FSMC_IRQHandler          0x800'0ac1        Code  Wk  startup_stm32f40_41xxx.o [1]
Font                    0x2000'0000   0xc  Data  Gb  main.o [1]
GPIO_Init                0x800'04d9  0x90  Code  Gb  stm32f4xx_gpio.o [1]
GPIO_ToggleBits          0x800'056f   0xa  Code  Gb  stm32f4xx_gpio.o [1]
GPIO_Write               0x800'0569   0x6  Code  Gb  stm32f4xx_gpio.o [1]
HASH_RNG_IRQHandler      0x800'0b41        Code  Wk  startup_stm32f40_41xxx.o [1]
HardFault_Handler        0x800'0925   0x2  Code  Gb  stm32f4xx_it.o [1]
I2C1_ER_IRQHandler       0x800'0a81        Code  Wk  startup_stm32f40_41xxx.o [1]
I2C1_EV_IRQHandler       0x800'0a7d        Code  Wk  startup_stm32f40_41xxx.o [1]
I2C2_ER_IRQHandler       0x800'0a89        Code  Wk  startup_stm32f40_41xxx.o [1]
I2C2_EV_IRQHandler       0x800'0a85        Code  Wk  startup_stm32f40_41xxx.o [1]
I2C3_ER_IRQHandler       0x800'0b25        Code  Wk  startup_stm32f40_41xxx.o [1]
I2C3_EV_IRQHandler       0x800'0b21        Code  Wk  startup_stm32f40_41xxx.o [1]
LED_init                 0x800'019d  0x2a  Code  Gb  main.o [1]
MemManage_Handler        0x800'0927   0x2  Code  Gb  stm32f4xx_it.o [1]
NMI_Handler              0x800'0923   0x2  Code  Gb  stm32f4xx_it.o [1]
NVIC_Init                0x800'0583  0x60  Code  Gb  misc.o [1]
NVIC_PriorityGroupConfig
                         0x800'0579   0xa  Code  Gb  misc.o [1]
OTG_FS_IRQHandler        0x800'0b0d        Code  Wk  startup_stm32f40_41xxx.o [1]
OTG_FS_WKUP_IRQHandler   0x800'0aa9        Code  Wk  startup_stm32f40_41xxx.o [1]
OTG_HS_EP1_IN_IRQHandler
                         0x800'0b2d        Code  Wk  startup_stm32f40_41xxx.o [1]
OTG_HS_EP1_OUT_IRQHandler
                         0x800'0b29        Code  Wk  startup_stm32f40_41xxx.o [1]
OTG_HS_IRQHandler        0x800'0b35        Code  Wk  startup_stm32f40_41xxx.o [1]
OTG_HS_WKUP_IRQHandler   0x800'0b31        Code  Wk  startup_stm32f40_41xxx.o [1]
PVD_IRQHandler           0x800'0a09        Code  Wk  startup_stm32f40_41xxx.o [1]
PendSV_Handler           0x800'0931   0x2  Code  Gb  stm32f4xx_it.o [1]
RCC_AHB1PeriphClockCmd   0x800'0499  0x1c  Code  Gb  stm32f4xx_rcc.o [1]
RCC_APB2PeriphClockCmd   0x800'04b5  0x1c  Code  Gb  stm32f4xx_rcc.o [1]
RCC_IRQHandler           0x800'0a19        Code  Wk  startup_stm32f40_41xxx.o [1]
RTC_Alarm_IRQHandler     0x800'0aa5        Code  Wk  startup_stm32f40_41xxx.o [1]
RTC_WKUP_IRQHandler      0x800'0a11        Code  Wk  startup_stm32f40_41xxx.o [1]
Region$$Table$$Base      0x800'0980         --   Gb  - Linker created -
Region$$Table$$Limit     0x800'0990         --   Gb  - Linker created -
Reset_Handler            0x800'09f5        Code  Wk  startup_stm32f40_41xxx.o [1]
SDIO_IRQHandler          0x800'0ac5        Code  Wk  startup_stm32f40_41xxx.o [1]
SPI1_IRQHandler          0x800'0a8d        Code  Wk  startup_stm32f40_41xxx.o [1]
SPI2_IRQHandler          0x800'0a91        Code  Wk  startup_stm32f40_41xxx.o [1]
SPI3_IRQHandler          0x800'0acd        Code  Wk  startup_stm32f40_41xxx.o [1]
SVC_Handler              0x800'092d   0x2  Code  Gb  stm32f4xx_it.o [1]
SetSysClock              0x800'080b  0xaa  Code  Lc  system_stm32f4xx.o [1]
SysTick_Handler          0x800'0933   0x2  Code  Gb  stm32f4xx_it.o [1]
SystemInit               0x800'07c5  0x46  Code  Gb  system_stm32f4xx.o [1]
TAMP_STAMP_IRQHandler    0x800'0a0d        Code  Wk  startup_stm32f40_41xxx.o [1]
TIM1_BRK_TIM9_IRQHandler
                         0x800'0a61        Code  Wk  startup_stm32f40_41xxx.o [1]
TIM1_CC_IRQHandler       0x800'0a6d        Code  Wk  startup_stm32f40_41xxx.o [1]
TIM1_TRG_COM_TIM11_IRQHandler
                         0x800'0a69        Code  Wk  startup_stm32f40_41xxx.o [1]
TIM1_UP_TIM10_IRQHandler
                         0x800'0a65        Code  Wk  startup_stm32f40_41xxx.o [1]
TIM2_IRQHandler          0x800'0a71        Code  Wk  startup_stm32f40_41xxx.o [1]
TIM3_IRQHandler          0x800'0a75        Code  Wk  startup_stm32f40_41xxx.o [1]
TIM4_IRQHandler          0x800'0a79        Code  Wk  startup_stm32f40_41xxx.o [1]
TIM5_IRQHandler          0x800'0ac9        Code  Wk  startup_stm32f40_41xxx.o [1]
TIM6_DAC_IRQHandler      0x800'0ad9        Code  Wk  startup_stm32f40_41xxx.o [1]
TIM7_IRQHandler          0x800'0add        Code  Wk  startup_stm32f40_41xxx.o [1]
TIM8_BRK_TIM12_IRQHandler
                         0x800'0aad        Code  Wk  startup_stm32f40_41xxx.o [1]
TIM8_CC_IRQHandler       0x800'0ab9        Code  Wk  startup_stm32f40_41xxx.o [1]
TIM8_TRG_COM_TIM14_IRQHandler
                         0x800'0ab5        Code  Wk  startup_stm32f40_41xxx.o [1]
TIM8_UP_TIM13_IRQHandler
                         0x800'0ab1        Code  Wk  startup_stm32f40_41xxx.o [1]
UART4_IRQHandler         0x800'0ad1        Code  Wk  startup_stm32f40_41xxx.o [1]
UART5_IRQHandler         0x800'0ad5        Code  Wk  startup_stm32f40_41xxx.o [1]
USART1_IRQHandler        0x800'0a95        Code  Wk  startup_stm32f40_41xxx.o [1]
USART2_IRQHandler        0x800'0a99        Code  Wk  startup_stm32f40_41xxx.o [1]
USART3_IRQHandler        0x800'0a9d        Code  Wk  startup_stm32f40_41xxx.o [1]
USART6_IRQHandler        0x800'0b1d        Code  Wk  startup_stm32f40_41xxx.o [1]
UsageFault_Handler       0x800'092b   0x2  Code  Gb  stm32f4xx_it.o [1]
WWDG_IRQHandler          0x800'0a05        Code  Wk  startup_stm32f40_41xxx.o [1]
__cmain                  0x800'0991        Code  Gb  cmain.o [4]
__exit                   0x800'09c5  0x14  Code  Gb  exit.o [5]
__iar_data_init3         0x800'0935  0x28  Code  Gb  data_init.o [4]
__iar_init_vfp           0x800'095d        Code  Gb  fpinit_M.o [3]
__iar_packbits_init_single3
                         0x800'08e9  0x3a  Code  Gb  packbits_init_single.o [4]
__iar_program_start      0x800'09d9        Code  Gb  cstartup_M.o [4]
__low_level_init         0x800'09af   0x4  Code  Gb  low_level_init.o [2]
__vector_table           0x800'0000        Data  Gb  startup_stm32f40_41xxx.o [1]
_call_main               0x800'099d        Code  Gb  cmain.o [4]
_exit                    0x800'09b9        Code  Gb  cexit.o [4]
adc_cnt                 0x2000'001c   0x4  Data  Gb  main.o [1]
exit                     0x800'09b3   0x4  Code  Gb  exit.o [2]
main                     0x800'03df  0x8e  Code  Gb  main.o [1]
mean_adc_data           0x2000'0018   0x4  Data  Gb  main.o [1]
sum_adc_data            0x2000'0014   0x4  Data  Gb  main.o [1]


[1] = C:\Users\rkdehdduq12\Desktop\Physical_Com\en.stsw-stm32065_v1-9-0\STM32F4xx_DSP_StdPeriph_Lib_V1.9.0\Project\ADC\Debug\Obj
[2] = dl7M_tln.a
[3] = m7M_tls.a
[4] = rt7M_tl.a
[5] = shb_l.a

  2'870 bytes of readonly  code memory
     31 bytes of readonly  data memory
  8'225 bytes of readwrite data memory

Errors: none
Warnings: none
