###############################################################################
#
# IAR ELF Linker V9.40.1.364/W64 for ARM                  18/Dec/2023  14:36:20
# Copyright 2007-2023 IAR Systems AB.
#
#    Output file  =
#        C:\Users\rkdehdduq12\Desktop\Physical_Com\en.stsw-stm32065_v1-9-0\STM32F4xx_DSP_StdPeriph_Lib_V1.9.0\Project\Final_Project\Debug\Exe\Final_Project.out
#    Map file     =
#        C:\Users\rkdehdduq12\Desktop\Physical_Com\en.stsw-stm32065_v1-9-0\STM32F4xx_DSP_StdPeriph_Lib_V1.9.0\Project\Final_Project\Debug\List\Final_Project.map
#    Command line =
#        -f
#        C:\Users\rkdehdduq12\Desktop\Physical_Com\en.stsw-stm32065_v1-9-0\STM32F4xx_DSP_StdPeriph_Lib_V1.9.0\Project\Final_Project\Debug\Exe\Final_Project.out.rsp
#        (C:\Users\rkdehdduq12\Desktop\Physical_Com\en.stsw-stm32065_v1-9-0\STM32F4xx_DSP_StdPeriph_Lib_V1.9.0\Project\Final_Project\Debug\Obj\main.o
#        C:\Users\rkdehdduq12\Desktop\Physical_Com\en.stsw-stm32065_v1-9-0\STM32F4xx_DSP_StdPeriph_Lib_V1.9.0\Project\Final_Project\Debug\Obj\misc.o
#        C:\Users\rkdehdduq12\Desktop\Physical_Com\en.stsw-stm32065_v1-9-0\STM32F4xx_DSP_StdPeriph_Lib_V1.9.0\Project\Final_Project\Debug\Obj\startup_stm32f40_41xxx.o
#        C:\Users\rkdehdduq12\Desktop\Physical_Com\en.stsw-stm32065_v1-9-0\STM32F4xx_DSP_StdPeriph_Lib_V1.9.0\Project\Final_Project\Debug\Obj\stm32f4xx_adc.o
#        C:\Users\rkdehdduq12\Desktop\Physical_Com\en.stsw-stm32065_v1-9-0\STM32F4xx_DSP_StdPeriph_Lib_V1.9.0\Project\Final_Project\Debug\Obj\stm32f4xx_exti.o
#        C:\Users\rkdehdduq12\Desktop\Physical_Com\en.stsw-stm32065_v1-9-0\STM32F4xx_DSP_StdPeriph_Lib_V1.9.0\Project\Final_Project\Debug\Obj\stm32f4xx_gpio.o
#        C:\Users\rkdehdduq12\Desktop\Physical_Com\en.stsw-stm32065_v1-9-0\STM32F4xx_DSP_StdPeriph_Lib_V1.9.0\Project\Final_Project\Debug\Obj\stm32f4xx_it.o
#        C:\Users\rkdehdduq12\Desktop\Physical_Com\en.stsw-stm32065_v1-9-0\STM32F4xx_DSP_StdPeriph_Lib_V1.9.0\Project\Final_Project\Debug\Obj\stm32f4xx_rcc.o
#        C:\Users\rkdehdduq12\Desktop\Physical_Com\en.stsw-stm32065_v1-9-0\STM32F4xx_DSP_StdPeriph_Lib_V1.9.0\Project\Final_Project\Debug\Obj\stm32f4xx_syscfg.o
#        C:\Users\rkdehdduq12\Desktop\Physical_Com\en.stsw-stm32065_v1-9-0\STM32F4xx_DSP_StdPeriph_Lib_V1.9.0\Project\Final_Project\Debug\Obj\stm32f4xx_tim.o
#        C:\Users\rkdehdduq12\Desktop\Physical_Com\en.stsw-stm32065_v1-9-0\STM32F4xx_DSP_StdPeriph_Lib_V1.9.0\Project\Final_Project\Debug\Obj\stm32f4xx_usart.o
#        C:\Users\rkdehdduq12\Desktop\Physical_Com\en.stsw-stm32065_v1-9-0\STM32F4xx_DSP_StdPeriph_Lib_V1.9.0\Project\Final_Project\Debug\Obj\system_stm32f4xx.o
#        --no_out_extension -o
#        C:\Users\rkdehdduq12\Desktop\Physical_Com\en.stsw-stm32065_v1-9-0\STM32F4xx_DSP_StdPeriph_Lib_V1.9.0\Project\Final_Project\Debug\Exe\Final_Project.out
#        --redirect _Printf=_PrintfFullNoMb --redirect _Scanf=_ScanfFullNoMb
#        --map
#        C:\Users\rkdehdduq12\Desktop\Physical_Com\en.stsw-stm32065_v1-9-0\STM32F4xx_DSP_StdPeriph_Lib_V1.9.0\Project\Final_Project\Debug\List\Final_Project.map
#        --config "C:\Program Files\IAR Systems\Embedded Workbench
#        9.2\arm/config/linker/ST/stm32f411xE.icf" --semihosting --entry
#        __iar_program_start --vfe --text_out locale --cpu=Cortex-M4
#        --fpu=VFPv4_sp) --dependencies=n
#        C:\Users\rkdehdduq12\Desktop\Physical_Com\en.stsw-stm32065_v1-9-0\STM32F4xx_DSP_StdPeriph_Lib_V1.9.0\Project\Final_Project\Debug\Exe\Final_Project.out.iar_deps
#
###############################################################################

*******************************************************************************
*** RUNTIME MODEL ATTRIBUTES
***

CppFlavor       = *
__CPP_Runtime   = 1
__SystemLibrary = DLib
__dlib_version  = 6


*******************************************************************************
*** HEAP SELECTION
***

The basic heap was selected because --advanced_heap
was not specified and the application did not appear to
be primarily optimized for speed.


*******************************************************************************
*** PLACEMENT SUMMARY
***

"A0":  place at address 0x800'0000 { ro section .intvec };
"P1":  place in [from 0x800'0000 to 0x807'ffff] { ro };
define block CSTACK with size = 8K, alignment = 8 { };
define block HEAP with size = 8K, alignment = 8 { };
"P2":  place in [from 0x2000'0000 to 0x2001'ffff] {
          rw, block CSTACK, block HEAP };
initialize by copy { rw };

  Section            Kind         Address    Size  Object
  -------            ----         -------    ----  ------
"A0":                                       0x188
  .intvec            ro code   0x800'0000   0x188  startup_stm32f40_41xxx.o [1]
                             - 0x800'0188   0x188

"P1":                                      0x12f8
  .text              ro code   0x800'0188   0x748  main.o [1]
  .text              ro code   0x800'08d0    0xe6  stm32f4xx_gpio.o [1]
  .text              ro code   0x800'09b6    0x3a  packbits_init_single.o [4]
  .text              ro code   0x800'09f0   0x10e  stm32f4xx_usart.o [1]
  .text              ro code   0x800'0afe    0x12  stm32f4xx_it.o [1]
  .text              ro code   0x800'0b10   0x134  stm32f4xx_rcc.o [1]
  .text              ro code   0x800'0c44   0x274  stm32f4xx_tim.o [1]
  .text              ro code   0x800'0eb8    0x80  misc.o [1]
  .text              ro code   0x800'0f38    0x50  stm32f4xx_syscfg.o [1]
  .text              ro code   0x800'0f88    0xa8  stm32f4xx_exti.o [1]
  .text              ro code   0x800'1030   0x1cc  stm32f4xx_adc.o [1]
  .text              ro code   0x800'11fc    0x60  system_stm32f4xx.o [1]
  .text              ro code   0x800'125c    0x28  data_init.o [4]
  .text              ro code   0x800'1284    0x22  fpinit_M.o [3]
  .iar.init_table    const     0x800'12a8    0x10  - Linker created -
  .text              ro code   0x800'12b8    0x1e  cmain.o [4]
  .text              ro code   0x800'12d6     0x4  low_level_init.o [2]
  .text              ro code   0x800'12da     0x4  exit.o [2]
  .text              ro code   0x800'12e0     0xa  cexit.o [4]
  .text              ro code   0x800'12ec    0x14  exit.o [5]
  .text              ro code   0x800'1300    0x1c  cstartup_M.o [4]
  .text              ro code   0x800'131c    0x10  startup_stm32f40_41xxx.o [1]
  .text              ro code   0x800'132c     0x4  startup_stm32f40_41xxx.o [1]
  .text              ro code   0x800'1330     0x4  startup_stm32f40_41xxx.o [1]
  .text              ro code   0x800'1334     0x4  startup_stm32f40_41xxx.o [1]
  .text              ro code   0x800'1338     0x4  startup_stm32f40_41xxx.o [1]
  .text              ro code   0x800'133c     0x4  startup_stm32f40_41xxx.o [1]
  .text              ro code   0x800'1340     0x4  startup_stm32f40_41xxx.o [1]
  .text              ro code   0x800'1344     0x4  startup_stm32f40_41xxx.o [1]
  .text              ro code   0x800'1348     0x4  startup_stm32f40_41xxx.o [1]
  .text              ro code   0x800'134c     0x4  startup_stm32f40_41xxx.o [1]
  .text              ro code   0x800'1350     0x4  startup_stm32f40_41xxx.o [1]
  .text              ro code   0x800'1354     0x4  startup_stm32f40_41xxx.o [1]
  .text              ro code   0x800'1358     0x4  startup_stm32f40_41xxx.o [1]
  .text              ro code   0x800'135c     0x4  startup_stm32f40_41xxx.o [1]
  .text              ro code   0x800'1360     0x4  startup_stm32f40_41xxx.o [1]
  .text              ro code   0x800'1364     0x4  startup_stm32f40_41xxx.o [1]
  .text              ro code   0x800'1368     0x4  startup_stm32f40_41xxx.o [1]
  .text              ro code   0x800'136c     0x4  startup_stm32f40_41xxx.o [1]
  .text              ro code   0x800'1370     0x4  startup_stm32f40_41xxx.o [1]
  .text              ro code   0x800'1374     0x4  startup_stm32f40_41xxx.o [1]
  .text              ro code   0x800'1378     0x4  startup_stm32f40_41xxx.o [1]
  .text              ro code   0x800'137c     0x4  startup_stm32f40_41xxx.o [1]
  .text              ro code   0x800'1380     0x4  startup_stm32f40_41xxx.o [1]
  .text              ro code   0x800'1384     0x4  startup_stm32f40_41xxx.o [1]
  .text              ro code   0x800'1388     0x4  startup_stm32f40_41xxx.o [1]
  .text              ro code   0x800'138c     0x4  startup_stm32f40_41xxx.o [1]
  .text              ro code   0x800'1390     0x4  startup_stm32f40_41xxx.o [1]
  .text              ro code   0x800'1394     0x4  startup_stm32f40_41xxx.o [1]
  .text              ro code   0x800'1398     0x4  startup_stm32f40_41xxx.o [1]
  .text              ro code   0x800'139c     0x4  startup_stm32f40_41xxx.o [1]
  .text              ro code   0x800'13a0     0x4  startup_stm32f40_41xxx.o [1]
  .text              ro code   0x800'13a4     0x4  startup_stm32f40_41xxx.o [1]
  .text              ro code   0x800'13a8     0x4  startup_stm32f40_41xxx.o [1]
  .text              ro code   0x800'13ac     0x4  startup_stm32f40_41xxx.o [1]
  .text              ro code   0x800'13b0     0x4  startup_stm32f40_41xxx.o [1]
  .text              ro code   0x800'13b4     0x4  startup_stm32f40_41xxx.o [1]
  .text              ro code   0x800'13b8     0x4  startup_stm32f40_41xxx.o [1]
  .text              ro code   0x800'13bc     0x4  startup_stm32f40_41xxx.o [1]
  .text              ro code   0x800'13c0     0x4  startup_stm32f40_41xxx.o [1]
  .text              ro code   0x800'13c4     0x4  startup_stm32f40_41xxx.o [1]
  .text              ro code   0x800'13c8     0x4  startup_stm32f40_41xxx.o [1]
  .text              ro code   0x800'13cc     0x4  startup_stm32f40_41xxx.o [1]
  .text              ro code   0x800'13d0     0x4  startup_stm32f40_41xxx.o [1]
  .text              ro code   0x800'13d4     0x4  startup_stm32f40_41xxx.o [1]
  .text              ro code   0x800'13d8     0x4  startup_stm32f40_41xxx.o [1]
  .text              ro code   0x800'13dc     0x4  startup_stm32f40_41xxx.o [1]
  .text              ro code   0x800'13e0     0x4  startup_stm32f40_41xxx.o [1]
  .text              ro code   0x800'13e4     0x4  startup_stm32f40_41xxx.o [1]
  .text              ro code   0x800'13e8     0x4  startup_stm32f40_41xxx.o [1]
  .text              ro code   0x800'13ec     0x4  startup_stm32f40_41xxx.o [1]
  .text              ro code   0x800'13f0     0x4  startup_stm32f40_41xxx.o [1]
  .text              ro code   0x800'13f4     0x4  startup_stm32f40_41xxx.o [1]
  .text              ro code   0x800'13f8     0x4  startup_stm32f40_41xxx.o [1]
  .text              ro code   0x800'13fc     0x4  startup_stm32f40_41xxx.o [1]
  .text              ro code   0x800'1400     0x4  startup_stm32f40_41xxx.o [1]
  .text              ro code   0x800'1404     0x4  startup_stm32f40_41xxx.o [1]
  .text              ro code   0x800'1408     0x4  startup_stm32f40_41xxx.o [1]
  .text              ro code   0x800'140c     0x4  startup_stm32f40_41xxx.o [1]
  .text              ro code   0x800'1410     0x4  startup_stm32f40_41xxx.o [1]
  .text              ro code   0x800'1414     0x4  startup_stm32f40_41xxx.o [1]
  .text              ro code   0x800'1418     0x4  startup_stm32f40_41xxx.o [1]
  .text              ro code   0x800'141c     0x4  startup_stm32f40_41xxx.o [1]
  .text              ro code   0x800'1420     0x4  startup_stm32f40_41xxx.o [1]
  .text              ro code   0x800'1424     0x4  startup_stm32f40_41xxx.o [1]
  .text              ro code   0x800'1428     0x4  startup_stm32f40_41xxx.o [1]
  .text              ro code   0x800'142c     0x4  startup_stm32f40_41xxx.o [1]
  .text              ro code   0x800'1430     0x4  startup_stm32f40_41xxx.o [1]
  .text              ro code   0x800'1434     0x4  startup_stm32f40_41xxx.o [1]
  .text              ro code   0x800'1438     0x4  startup_stm32f40_41xxx.o [1]
  .text              ro code   0x800'143c     0x4  startup_stm32f40_41xxx.o [1]
  .text              ro code   0x800'1440     0x4  startup_stm32f40_41xxx.o [1]
  .text              ro code   0x800'1444     0x4  startup_stm32f40_41xxx.o [1]
  .text              ro code   0x800'1448     0x4  startup_stm32f40_41xxx.o [1]
  .text              ro code   0x800'144c     0x4  startup_stm32f40_41xxx.o [1]
  .text              ro code   0x800'1450     0x4  startup_stm32f40_41xxx.o [1]
  .text              ro code   0x800'1454     0x4  startup_stm32f40_41xxx.o [1]
  .text              ro code   0x800'1458     0x4  startup_stm32f40_41xxx.o [1]
  .text              ro code   0x800'145c     0x4  startup_stm32f40_41xxx.o [1]
  .rodata            const     0x800'1460     0x0  packbits_init_single.o [4]
  Initializer bytes  const     0x800'1460    0x20  <for P2-1>
                             - 0x800'1480  0x12f8

"P2", part 1 of 2:                           0x39
  P2-1                        0x2000'0000    0x39  <Init block>
    .data            inited   0x2000'0000     0x4  main.o [1]
    .data            inited   0x2000'0004     0xc  main.o [1]
    .data            inited   0x2000'0010    0x10  stm32f4xx_rcc.o [1]
    .bss             inited   0x2000'0020    0x14  main.o [1]
    .bss             inited   0x2000'0034     0x2  main.o [1]
    .bss             inited   0x2000'0036     0x2  main.o [1]
    .bss             inited   0x2000'0038     0x1  main.o [1]
                            - 0x2000'0039    0x39

"P2", part 2 of 2:                         0x2000
  CSTACK                      0x2000'0040  0x2000  <Block>
    CSTACK           uninit   0x2000'0040  0x2000  <Block tail>
                            - 0x2000'2040  0x2000

Unused ranges:

         From           To      Size
         ----           --      ----
   0x800'1480   0x807'ffff  0x7'eb80
  0x2000'0039  0x2000'003f       0x7
  0x2000'2040  0x2001'ffff  0x1'dfc0


*******************************************************************************
*** INIT TABLE
***

          Address      Size
          -------      ----
Copy/packbits (__iar_packbits_init_single3)
    1 source range, total size 0x20 (56% of destination):
           0x800'1460  0x20
    1 destination range, total size 0x39:
          0x2000'0000  0x39



*******************************************************************************
*** MODULE SUMMARY
***

    Module                    ro code  ro data  rw data
    ------                    -------  -------  -------
command line/config:
    ---------------------------------------------------
    Total:

C:\Users\rkdehdduq12\Desktop\Physical_Com\en.stsw-stm32065_v1-9-0\STM32F4xx_DSP_StdPeriph_Lib_V1.9.0\Project\Final_Project\Debug\Obj: [1]
    main.o                      1'864       23       41
    misc.o                        128
    startup_stm32f40_41xxx.o      716
    stm32f4xx_adc.o               460
    stm32f4xx_exti.o              168
    stm32f4xx_gpio.o              230
    stm32f4xx_it.o                 18
    stm32f4xx_rcc.o               308        9       16
    stm32f4xx_syscfg.o             80
    stm32f4xx_tim.o               628
    stm32f4xx_usart.o             270
    system_stm32f4xx.o             96
    ---------------------------------------------------
    Total:                      4'966       32       57

dl7M_tln.a: [2]
    exit.o                          4
    low_level_init.o                4
    ---------------------------------------------------
    Total:                          8

m7M_tls.a: [3]
    fpinit_M.o                     34
    ---------------------------------------------------
    Total:                         34

rt7M_tl.a: [4]
    cexit.o                        10
    cmain.o                        30
    cstartup_M.o                   28
    data_init.o                    40
    packbits_init_single.o         58
    ---------------------------------------------------
    Total:                        166

shb_l.a: [5]
    exit.o                         20
    ---------------------------------------------------
    Total:                         20

    Gaps                            4        2
    Linker created                          16    8'192
-------------------------------------------------------
    Grand Total:                5'198       50    8'249


*******************************************************************************
*** ENTRY LIST
***

Entry                       Address  Size  Type      Object
-----                       -------  ----  ----      ------
.iar.init_table$$Base    0x800'12a8         --   Gb  - Linker created -
.iar.init_table$$Limit   0x800'12b8         --   Gb  - Linker created -
?main                    0x800'12b9        Code  Gb  cmain.o [4]
ADC1_data               0x2000'0034   0x2  Data  Gb  main.o [1]
ADC_ClearITPendingBit    0x800'11ef   0xe  Code  Gb  stm32f4xx_adc.o [1]
ADC_Cmd                  0x800'1099  0x1a  Code  Gb  stm32f4xx_adc.o [1]
ADC_CommonInit           0x800'107b  0x1e  Code  Gb  stm32f4xx_adc.o [1]
ADC_Configuration        0x800'0765  0xb8  Code  Gb  main.o [1]
ADC_GetConversionValue   0x800'1187   0x6  Code  Gb  stm32f4xx_adc.o [1]
ADC_GetITStatus          0x800'11bf  0x30  Code  Gb  stm32f4xx_adc.o [1]
ADC_IRQHandler           0x800'081d  0x28  Code  Gb  main.o [1]
ADC_ITConfig             0x800'119d  0x22  Code  Gb  stm32f4xx_adc.o [1]
ADC_Init                 0x800'1031  0x4a  Code  Gb  stm32f4xx_adc.o [1]
ADC_RegularChannelConfig
                         0x800'10b3  0xca  Code  Gb  stm32f4xx_adc.o [1]
ADC_SoftwareStartConv    0x800'117d   0xa  Code  Gb  stm32f4xx_adc.o [1]
APBAHBPrescTable        0x2000'0010  0x10  Data  Lc  stm32f4xx_rcc.o [1]
BusFault_Handler         0x800'0b05   0x2  Code  Gb  stm32f4xx_it.o [1]
CAN1_RX0_IRQHandler      0x800'1379        Code  Wk  startup_stm32f40_41xxx.o [1]
CAN1_RX1_IRQHandler      0x800'137d        Code  Wk  startup_stm32f40_41xxx.o [1]
CAN1_SCE_IRQHandler      0x800'1381        Code  Wk  startup_stm32f40_41xxx.o [1]
CAN1_TX_IRQHandler       0x800'1375        Code  Wk  startup_stm32f40_41xxx.o [1]
CAN2_RX0_IRQHandler      0x800'1419        Code  Wk  startup_stm32f40_41xxx.o [1]
CAN2_RX1_IRQHandler      0x800'141d        Code  Wk  startup_stm32f40_41xxx.o [1]
CAN2_SCE_IRQHandler      0x800'1421        Code  Wk  startup_stm32f40_41xxx.o [1]
CAN2_TX_IRQHandler       0x800'1415        Code  Wk  startup_stm32f40_41xxx.o [1]
CRYP_IRQHandler          0x800'1455        Code  Wk  startup_stm32f40_41xxx.o [1]
CSTACK$$Base            0x2000'0040         --   Gb  - Linker created -
CSTACK$$Limit           0x2000'2040         --   Gb  - Linker created -
Count_Progress           0x800'019d  0x74  Code  Gb  main.o [1]
DCMI_IRQHandler          0x800'1451        Code  Wk  startup_stm32f40_41xxx.o [1]
DMA1_Stream0_IRQHandler
                         0x800'1359        Code  Wk  startup_stm32f40_41xxx.o [1]
DMA1_Stream1_IRQHandler
                         0x800'135d        Code  Wk  startup_stm32f40_41xxx.o [1]
DMA1_Stream2_IRQHandler
                         0x800'1361        Code  Wk  startup_stm32f40_41xxx.o [1]
DMA1_Stream3_IRQHandler
                         0x800'1365        Code  Wk  startup_stm32f40_41xxx.o [1]
DMA1_Stream4_IRQHandler
                         0x800'1369        Code  Wk  startup_stm32f40_41xxx.o [1]
DMA1_Stream5_IRQHandler
                         0x800'136d        Code  Wk  startup_stm32f40_41xxx.o [1]
DMA1_Stream6_IRQHandler
                         0x800'1371        Code  Wk  startup_stm32f40_41xxx.o [1]
DMA1_Stream7_IRQHandler
                         0x800'13d9        Code  Wk  startup_stm32f40_41xxx.o [1]
DMA2_Stream0_IRQHandler
                         0x800'13f9        Code  Wk  startup_stm32f40_41xxx.o [1]
DMA2_Stream1_IRQHandler
                         0x800'13fd        Code  Wk  startup_stm32f40_41xxx.o [1]
DMA2_Stream2_IRQHandler
                         0x800'1401        Code  Wk  startup_stm32f40_41xxx.o [1]
DMA2_Stream3_IRQHandler
                         0x800'1405        Code  Wk  startup_stm32f40_41xxx.o [1]
DMA2_Stream4_IRQHandler
                         0x800'1409        Code  Wk  startup_stm32f40_41xxx.o [1]
DMA2_Stream5_IRQHandler
                         0x800'1429        Code  Wk  startup_stm32f40_41xxx.o [1]
DMA2_Stream6_IRQHandler
                         0x800'142d        Code  Wk  startup_stm32f40_41xxx.o [1]
DMA2_Stream7_IRQHandler
                         0x800'1431        Code  Wk  startup_stm32f40_41xxx.o [1]
DebugMon_Handler         0x800'0b0b   0x2  Code  Gb  stm32f4xx_it.o [1]
Delay                    0x800'0189  0x14  Code  Gb  main.o [1]
ETH_IRQHandler           0x800'140d        Code  Wk  startup_stm32f40_41xxx.o [1]
ETH_WKUP_IRQHandler      0x800'1411        Code  Wk  startup_stm32f40_41xxx.o [1]
EXTI0_IRQHandler         0x800'1345        Code  Wk  startup_stm32f40_41xxx.o [1]
EXTI13_Configuration     0x800'0391  0x5a  Code  Gb  main.o [1]
EXTI15_10_IRQHandler     0x800'03eb  0x9c  Code  Gb  main.o [1]
EXTI1_IRQHandler         0x800'1349        Code  Wk  startup_stm32f40_41xxx.o [1]
EXTI2_IRQHandler         0x800'134d        Code  Wk  startup_stm32f40_41xxx.o [1]
EXTI3_IRQHandler         0x800'1351        Code  Wk  startup_stm32f40_41xxx.o [1]
EXTI4_IRQHandler         0x800'1355        Code  Wk  startup_stm32f40_41xxx.o [1]
EXTI9_5_IRQHandler       0x800'1385        Code  Wk  startup_stm32f40_41xxx.o [1]
EXTI_ClearITPendingBit   0x800'1015   0x6  Code  Gb  stm32f4xx_exti.o [1]
EXTI_GetITStatus         0x800'1001  0x14  Code  Gb  stm32f4xx_exti.o [1]
EXTI_Init                0x800'0f89  0x78  Code  Gb  stm32f4xx_exti.o [1]
FLASH_IRQHandler         0x800'133d        Code  Wk  startup_stm32f40_41xxx.o [1]
FND_Init                 0x800'024f  0x56  Code  Gb  main.o [1]
FPU_IRQHandler           0x800'145d        Code  Wk  startup_stm32f40_41xxx.o [1]
FSMC_IRQHandler          0x800'13dd        Code  Wk  startup_stm32f40_41xxx.o [1]
Font                    0x2000'0004   0xc  Data  Gb  main.o [1]
GPIO_Init                0x800'08d1  0x90  Code  Gb  stm32f4xx_gpio.o [1]
GPIO_PinAFConfig         0x800'0967  0x50  Code  Gb  stm32f4xx_gpio.o [1]
GPIO_Write               0x800'0961   0x6  Code  Gb  stm32f4xx_gpio.o [1]
GetADC_Array            0x2000'0020  0x14  Data  Gb  main.o [1]
HASH_RNG_IRQHandler      0x800'1459        Code  Wk  startup_stm32f40_41xxx.o [1]
HardFault_Handler        0x800'0b01   0x2  Code  Gb  stm32f4xx_it.o [1]
I2C1_ER_IRQHandler       0x800'13a1        Code  Wk  startup_stm32f40_41xxx.o [1]
I2C1_EV_IRQHandler       0x800'139d        Code  Wk  startup_stm32f40_41xxx.o [1]
I2C2_ER_IRQHandler       0x800'13a9        Code  Wk  startup_stm32f40_41xxx.o [1]
I2C2_EV_IRQHandler       0x800'13a5        Code  Wk  startup_stm32f40_41xxx.o [1]
I2C3_ER_IRQHandler       0x800'143d        Code  Wk  startup_stm32f40_41xxx.o [1]
I2C3_EV_IRQHandler       0x800'1439        Code  Wk  startup_stm32f40_41xxx.o [1]
MemManage_Handler        0x800'0b03   0x2  Code  Gb  stm32f4xx_it.o [1]
NMI_Handler              0x800'0aff   0x2  Code  Gb  stm32f4xx_it.o [1]
NVIC_Init                0x800'0ec3  0x60  Code  Gb  misc.o [1]
NVIC_PriorityGroupConfig
                         0x800'0eb9   0xa  Code  Gb  misc.o [1]
OTG_FS_IRQHandler        0x800'1425        Code  Wk  startup_stm32f40_41xxx.o [1]
OTG_FS_WKUP_IRQHandler   0x800'13c5        Code  Wk  startup_stm32f40_41xxx.o [1]
OTG_HS_EP1_IN_IRQHandler
                         0x800'1445        Code  Wk  startup_stm32f40_41xxx.o [1]
OTG_HS_EP1_OUT_IRQHandler
                         0x800'1441        Code  Wk  startup_stm32f40_41xxx.o [1]
OTG_HS_IRQHandler        0x800'144d        Code  Wk  startup_stm32f40_41xxx.o [1]
OTG_HS_WKUP_IRQHandler   0x800'1449        Code  Wk  startup_stm32f40_41xxx.o [1]
PVD_IRQHandler           0x800'1331        Code  Wk  startup_stm32f40_41xxx.o [1]
PWM_TIM4_Configuration   0x800'04bf  0x3a  Code  Gb  main.o [1]
PendSV_Handler           0x800'0b0d   0x2  Code  Gb  stm32f4xx_it.o [1]
RCC_AHB1PeriphClockCmd   0x800'0bd1  0x1c  Code  Gb  stm32f4xx_rcc.o [1]
RCC_APB1PeriphClockCmd   0x800'0bed  0x1c  Code  Gb  stm32f4xx_rcc.o [1]
RCC_APB2PeriphClockCmd   0x800'0c09  0x1c  Code  Gb  stm32f4xx_rcc.o [1]
RCC_GetClocksFreq        0x800'0b11  0xc0  Code  Gb  stm32f4xx_rcc.o [1]
RCC_IRQHandler           0x800'1341        Code  Wk  startup_stm32f40_41xxx.o [1]
RGB_LED_init             0x800'04f9  0x4e  Code  Gb  main.o [1]
RTC_Alarm_IRQHandler     0x800'13c1        Code  Wk  startup_stm32f40_41xxx.o [1]
RTC_WKUP_IRQHandler      0x800'1339        Code  Wk  startup_stm32f40_41xxx.o [1]
Region$$Table$$Base      0x800'12a8         --   Gb  - Linker created -
Region$$Table$$Limit     0x800'12b8         --   Gb  - Linker created -
Reset_Handler            0x800'131d        Code  Wk  startup_stm32f40_41xxx.o [1]
SDIO_IRQHandler          0x800'13e1        Code  Wk  startup_stm32f40_41xxx.o [1]
SPI1_IRQHandler          0x800'13ad        Code  Wk  startup_stm32f40_41xxx.o [1]
SPI2_IRQHandler          0x800'13b1        Code  Wk  startup_stm32f40_41xxx.o [1]
SPI3_IRQHandler          0x800'13e5        Code  Wk  startup_stm32f40_41xxx.o [1]
SVC_Handler              0x800'0b09   0x2  Code  Gb  stm32f4xx_it.o [1]
SW_init                  0x800'0369  0x28  Code  Gb  main.o [1]
SYSCFG_EXTILineConfig    0x800'0f39  0x4a  Code  Gb  stm32f4xx_syscfg.o [1]
Serial_Receive           0x800'0233  0x1c  Code  Gb  main.o [1]
Serial_Send              0x800'0211  0x22  Code  Gb  main.o [1]
SysTick_Handler          0x800'0b0f   0x2  Code  Gb  stm32f4xx_it.o [1]
SystemInit               0x800'11fd  0x40  Code  Gb  system_stm32f4xx.o [1]
TAMP_STAMP_IRQHandler    0x800'1335        Code  Wk  startup_stm32f40_41xxx.o [1]
TIM1_BRK_TIM9_IRQHandler
                         0x800'1389        Code  Wk  startup_stm32f40_41xxx.o [1]
TIM1_CC_IRQHandler       0x800'1395        Code  Wk  startup_stm32f40_41xxx.o [1]
TIM1_TRG_COM_TIM11_IRQHandler
                         0x800'1391        Code  Wk  startup_stm32f40_41xxx.o [1]
TIM1_UP_TIM10_IRQHandler
                         0x800'138d        Code  Wk  startup_stm32f40_41xxx.o [1]
TIM2_Configuration       0x800'02a5  0x70  Code  Gb  main.o [1]
TIM2_IRQHandler          0x800'0315  0x54  Code  Gb  main.o [1]
TIM3_Configuration       0x800'0547  0x6a  Code  Gb  main.o [1]
TIM3_IRQHandler          0x800'05b1  0x6a  Code  Gb  main.o [1]
TIM4_Configuration       0x800'0487  0x38  Code  Gb  main.o [1]
TIM4_IRQHandler          0x800'1399        Code  Wk  startup_stm32f40_41xxx.o [1]
TIM5_Configuration       0x800'061b  0x6a  Code  Gb  main.o [1]
TIM5_IRQHandler          0x800'0685  0x62  Code  Gb  main.o [1]
TIM6_DAC_IRQHandler      0x800'13f1        Code  Wk  startup_stm32f40_41xxx.o [1]
TIM7_IRQHandler          0x800'13f5        Code  Wk  startup_stm32f40_41xxx.o [1]
TIM8_BRK_TIM12_IRQHandler
                         0x800'13c9        Code  Wk  startup_stm32f40_41xxx.o [1]
TIM8_CC_IRQHandler       0x800'13d5        Code  Wk  startup_stm32f40_41xxx.o [1]
TIM8_TRG_COM_TIM14_IRQHandler
                         0x800'13d1        Code  Wk  startup_stm32f40_41xxx.o [1]
TIM8_UP_TIM13_IRQHandler
                         0x800'13cd        Code  Wk  startup_stm32f40_41xxx.o [1]
TIM_ClearITPendingBit    0x800'0eb1   0x8  Code  Gb  stm32f4xx_tim.o [1]
TIM_Cmd                  0x800'0cb3  0x1c  Code  Gb  stm32f4xx_tim.o [1]
TIM_GetITStatus          0x800'0e8d  0x24  Code  Gb  stm32f4xx_tim.o [1]
TIM_ITConfig             0x800'0e75  0x18  Code  Gb  stm32f4xx_tim.o [1]
TIM_OC1Init              0x800'0ccf  0x7c  Code  Gb  stm32f4xx_tim.o [1]
TIM_OC2Init              0x800'0d4b  0x88  Code  Gb  stm32f4xx_tim.o [1]
TIM_OC3Init              0x800'0dd3  0x86  Code  Gb  stm32f4xx_tim.o [1]
TIM_TimeBaseInit         0x800'0c45  0x6e  Code  Gb  stm32f4xx_tim.o [1]
UART4_IRQHandler         0x800'13e9        Code  Wk  startup_stm32f40_41xxx.o [1]
UART5_IRQHandler         0x800'13ed        Code  Wk  startup_stm32f40_41xxx.o [1]
USART1_IRQHandler        0x800'13b5        Code  Wk  startup_stm32f40_41xxx.o [1]
USART2_Configuration     0x800'06e7  0x7e  Code  Gb  main.o [1]
USART2_IRQHandler        0x800'13b9        Code  Wk  startup_stm32f40_41xxx.o [1]
USART3_IRQHandler        0x800'13bd        Code  Wk  startup_stm32f40_41xxx.o [1]
USART6_IRQHandler        0x800'1435        Code  Wk  startup_stm32f40_41xxx.o [1]
USART_Cmd                0x800'0ab9  0x1c  Code  Gb  stm32f4xx_usart.o [1]
USART_GetFlagStatus      0x800'0ae5  0x1a  Code  Gb  stm32f4xx_usart.o [1]
USART_Init               0x800'09f1  0xba  Code  Gb  stm32f4xx_usart.o [1]
USART_ReceiveData        0x800'0add   0x8  Code  Gb  stm32f4xx_usart.o [1]
USART_SendData           0x800'0ad5   0x8  Code  Gb  stm32f4xx_usart.o [1]
UsageFault_Handler       0x800'0b07   0x2  Code  Gb  stm32f4xx_it.o [1]
WWDG_IRQHandler          0x800'132d        Code  Wk  startup_stm32f40_41xxx.o [1]
__cmain                  0x800'12b9        Code  Gb  cmain.o [4]
__exit                   0x800'12ed  0x14  Code  Gb  exit.o [5]
__iar_data_init3         0x800'125d  0x28  Code  Gb  data_init.o [4]
__iar_init_vfp           0x800'1285        Code  Gb  fpinit_M.o [3]
__iar_packbits_init_single3
                         0x800'09b7  0x3a  Code  Gb  packbits_init_single.o [4]
__iar_program_start      0x800'1301        Code  Gb  cstartup_M.o [4]
__low_level_init         0x800'12d7   0x4  Code  Gb  low_level_init.o [2]
__vector_table           0x800'0000        Data  Gb  startup_stm32f40_41xxx.o [1]
_call_main               0x800'12c5        Code  Gb  cmain.o [4]
_exit                    0x800'12e1        Code  Gb  cexit.o [4]
exit                     0x800'12db   0x4  Code  Gb  exit.o [2]
getdata                 0x2000'0038   0x1  Data  Gb  main.o [1]
intensity               0x2000'0000   0x4  Data  Gb  main.o [1]
main                     0x800'0845  0x46  Code  Gb  main.o [1]
send_count              0x2000'0036   0x2  Data  Gb  main.o [1]


[1] = C:\Users\rkdehdduq12\Desktop\Physical_Com\en.stsw-stm32065_v1-9-0\STM32F4xx_DSP_StdPeriph_Lib_V1.9.0\Project\Final_Project\Debug\Obj
[2] = dl7M_tln.a
[3] = m7M_tls.a
[4] = rt7M_tl.a
[5] = shb_l.a

  5'198 bytes of readonly  code memory
     50 bytes of readonly  data memory
  8'249 bytes of readwrite data memory

Errors: none
Warnings: none
