###############################################################################
#
# IAR ELF Linker V9.40.1.364/W64 for ARM                  11/Dec/2023  17:36:22
# Copyright 2007-2023 IAR Systems AB.
#
#    Output file  =
#        C:\Users\rkdehdduq12\Desktop\Physical_Com\en.stsw-stm32065_v1-9-0\STM32F4xx_DSP_StdPeriph_Lib_V1.9.0\Project\PWM\Debug\Exe\PWM.out
#    Map file     =
#        C:\Users\rkdehdduq12\Desktop\Physical_Com\en.stsw-stm32065_v1-9-0\STM32F4xx_DSP_StdPeriph_Lib_V1.9.0\Project\PWM\Debug\List\PWM.map
#    Command line =
#        -f
#        C:\Users\rkdehdduq12\Desktop\Physical_Com\en.stsw-stm32065_v1-9-0\STM32F4xx_DSP_StdPeriph_Lib_V1.9.0\Project\PWM\Debug\Exe\PWM.out.rsp
#        (C:\Users\rkdehdduq12\Desktop\Physical_Com\en.stsw-stm32065_v1-9-0\STM32F4xx_DSP_StdPeriph_Lib_V1.9.0\Project\PWM\Debug\Obj\main.o
#        C:\Users\rkdehdduq12\Desktop\Physical_Com\en.stsw-stm32065_v1-9-0\STM32F4xx_DSP_StdPeriph_Lib_V1.9.0\Project\PWM\Debug\Obj\misc.o
#        C:\Users\rkdehdduq12\Desktop\Physical_Com\en.stsw-stm32065_v1-9-0\STM32F4xx_DSP_StdPeriph_Lib_V1.9.0\Project\PWM\Debug\Obj\startup_stm32f40_41xxx.o
#        C:\Users\rkdehdduq12\Desktop\Physical_Com\en.stsw-stm32065_v1-9-0\STM32F4xx_DSP_StdPeriph_Lib_V1.9.0\Project\PWM\Debug\Obj\stm32f4xx_gpio.o
#        C:\Users\rkdehdduq12\Desktop\Physical_Com\en.stsw-stm32065_v1-9-0\STM32F4xx_DSP_StdPeriph_Lib_V1.9.0\Project\PWM\Debug\Obj\stm32f4xx_it.o
#        C:\Users\rkdehdduq12\Desktop\Physical_Com\en.stsw-stm32065_v1-9-0\STM32F4xx_DSP_StdPeriph_Lib_V1.9.0\Project\PWM\Debug\Obj\stm32f4xx_rcc.o
#        C:\Users\rkdehdduq12\Desktop\Physical_Com\en.stsw-stm32065_v1-9-0\STM32F4xx_DSP_StdPeriph_Lib_V1.9.0\Project\PWM\Debug\Obj\stm32f4xx_syscfg.o
#        C:\Users\rkdehdduq12\Desktop\Physical_Com\en.stsw-stm32065_v1-9-0\STM32F4xx_DSP_StdPeriph_Lib_V1.9.0\Project\PWM\Debug\Obj\stm32f4xx_tim.o
#        C:\Users\rkdehdduq12\Desktop\Physical_Com\en.stsw-stm32065_v1-9-0\STM32F4xx_DSP_StdPeriph_Lib_V1.9.0\Project\PWM\Debug\Obj\system_stm32f4xx.o
#        --no_out_extension -o
#        C:\Users\rkdehdduq12\Desktop\Physical_Com\en.stsw-stm32065_v1-9-0\STM32F4xx_DSP_StdPeriph_Lib_V1.9.0\Project\PWM\Debug\Exe\PWM.out
#        --redirect _Printf=_PrintfFullNoMb --redirect _Scanf=_ScanfFullNoMb
#        --map
#        C:\Users\rkdehdduq12\Desktop\Physical_Com\en.stsw-stm32065_v1-9-0\STM32F4xx_DSP_StdPeriph_Lib_V1.9.0\Project\PWM\Debug\List\PWM.map
#        --config "C:\Program Files\IAR Systems\Embedded Workbench
#        9.2\arm/config/linker/ST/stm32f411xE.icf" --semihosting --entry
#        __iar_program_start --vfe --text_out locale --cpu=Cortex-M4
#        --fpu=VFPv4_sp) --dependencies=n
#        C:\Users\rkdehdduq12\Desktop\Physical_Com\en.stsw-stm32065_v1-9-0\STM32F4xx_DSP_StdPeriph_Lib_V1.9.0\Project\PWM\Debug\Exe\PWM.out.iar_deps
#
###############################################################################

*******************************************************************************
*** RUNTIME MODEL ATTRIBUTES
***

CppFlavor       = *
__CPP_Runtime   = 1
__SystemLibrary = DLib
__dlib_version  = 6


*******************************************************************************
*** HEAP SELECTION
***

The basic heap was selected because --advanced_heap
was not specified and the application did not appear to
be primarily optimized for speed.


*******************************************************************************
*** PLACEMENT SUMMARY
***

"A0":  place at address 0x800'0000 { ro section .intvec };
"P1":  place in [from 0x800'0000 to 0x807'ffff] { ro };
define block CSTACK with size = 8K, alignment = 8 { };
define block HEAP with size = 8K, alignment = 8 { };
"P2":  place in [from 0x2000'0000 to 0x2001'ffff] {
          rw, block CSTACK, block HEAP };
initialize by copy { rw };

  Section            Kind         Address    Size  Object
  -------            ----         -------    ----  ------
"A0":                                       0x188
  .intvec            ro code   0x800'0000   0x188  startup_stm32f40_41xxx.o [1]
                             - 0x800'0188   0x188

"P1":                                       0x958
  .text              ro code   0x800'0188   0x2d8  stm32f4xx_tim.o [1]
  .text              ro code   0x800'0460   0x218  main.o [1]
  .text              ro code   0x800'0678    0x40  stm32f4xx_rcc.o [1]
  .text              ro code   0x800'06b8    0xea  stm32f4xx_gpio.o [1]
  .text              ro code   0x800'07a2    0x2a  copy_init3.o [4]
  .text              ro code   0x800'07cc    0x80  misc.o [1]
  .text              ro code   0x800'084c    0x60  system_stm32f4xx.o [1]
  .text              ro code   0x800'08ac    0x28  data_init.o [4]
  .text              ro code   0x800'08d4    0x22  fpinit_M.o [3]
  .iar.init_table    const     0x800'08f8    0x14  - Linker created -
  .text              ro code   0x800'090c    0x12  stm32f4xx_it.o [1]
  .text              ro code   0x800'0920    0x1e  cmain.o [4]
  .text              ro code   0x800'093e     0x4  low_level_init.o [2]
  .text              ro code   0x800'0942     0x4  exit.o [2]
  .text              ro code   0x800'0948     0xa  cexit.o [4]
  .text              ro code   0x800'0954    0x14  exit.o [5]
  .text              ro code   0x800'0968    0x1c  cstartup_M.o [4]
  .text              ro code   0x800'0984    0x10  startup_stm32f40_41xxx.o [1]
  Initializer bytes  const     0x800'0994     0x8  <for P2-1>
  .text              ro code   0x800'099c     0x4  startup_stm32f40_41xxx.o [1]
  .text              ro code   0x800'09a0     0x4  startup_stm32f40_41xxx.o [1]
  .text              ro code   0x800'09a4     0x4  startup_stm32f40_41xxx.o [1]
  .text              ro code   0x800'09a8     0x4  startup_stm32f40_41xxx.o [1]
  .text              ro code   0x800'09ac     0x4  startup_stm32f40_41xxx.o [1]
  .text              ro code   0x800'09b0     0x4  startup_stm32f40_41xxx.o [1]
  .text              ro code   0x800'09b4     0x4  startup_stm32f40_41xxx.o [1]
  .text              ro code   0x800'09b8     0x4  startup_stm32f40_41xxx.o [1]
  .text              ro code   0x800'09bc     0x4  startup_stm32f40_41xxx.o [1]
  .text              ro code   0x800'09c0     0x4  startup_stm32f40_41xxx.o [1]
  .text              ro code   0x800'09c4     0x4  startup_stm32f40_41xxx.o [1]
  .text              ro code   0x800'09c8     0x4  startup_stm32f40_41xxx.o [1]
  .text              ro code   0x800'09cc     0x4  startup_stm32f40_41xxx.o [1]
  .text              ro code   0x800'09d0     0x4  startup_stm32f40_41xxx.o [1]
  .text              ro code   0x800'09d4     0x4  startup_stm32f40_41xxx.o [1]
  .text              ro code   0x800'09d8     0x4  startup_stm32f40_41xxx.o [1]
  .text              ro code   0x800'09dc     0x4  startup_stm32f40_41xxx.o [1]
  .text              ro code   0x800'09e0     0x4  startup_stm32f40_41xxx.o [1]
  .text              ro code   0x800'09e4     0x4  startup_stm32f40_41xxx.o [1]
  .text              ro code   0x800'09e8     0x4  startup_stm32f40_41xxx.o [1]
  .text              ro code   0x800'09ec     0x4  startup_stm32f40_41xxx.o [1]
  .text              ro code   0x800'09f0     0x4  startup_stm32f40_41xxx.o [1]
  .text              ro code   0x800'09f4     0x4  startup_stm32f40_41xxx.o [1]
  .text              ro code   0x800'09f8     0x4  startup_stm32f40_41xxx.o [1]
  .text              ro code   0x800'09fc     0x4  startup_stm32f40_41xxx.o [1]
  .text              ro code   0x800'0a00     0x4  startup_stm32f40_41xxx.o [1]
  .text              ro code   0x800'0a04     0x4  startup_stm32f40_41xxx.o [1]
  .text              ro code   0x800'0a08     0x4  startup_stm32f40_41xxx.o [1]
  .text              ro code   0x800'0a0c     0x4  startup_stm32f40_41xxx.o [1]
  .text              ro code   0x800'0a10     0x4  startup_stm32f40_41xxx.o [1]
  .text              ro code   0x800'0a14     0x4  startup_stm32f40_41xxx.o [1]
  .text              ro code   0x800'0a18     0x4  startup_stm32f40_41xxx.o [1]
  .text              ro code   0x800'0a1c     0x4  startup_stm32f40_41xxx.o [1]
  .text              ro code   0x800'0a20     0x4  startup_stm32f40_41xxx.o [1]
  .text              ro code   0x800'0a24     0x4  startup_stm32f40_41xxx.o [1]
  .text              ro code   0x800'0a28     0x4  startup_stm32f40_41xxx.o [1]
  .text              ro code   0x800'0a2c     0x4  startup_stm32f40_41xxx.o [1]
  .text              ro code   0x800'0a30     0x4  startup_stm32f40_41xxx.o [1]
  .text              ro code   0x800'0a34     0x4  startup_stm32f40_41xxx.o [1]
  .text              ro code   0x800'0a38     0x4  startup_stm32f40_41xxx.o [1]
  .text              ro code   0x800'0a3c     0x4  startup_stm32f40_41xxx.o [1]
  .text              ro code   0x800'0a40     0x4  startup_stm32f40_41xxx.o [1]
  .text              ro code   0x800'0a44     0x4  startup_stm32f40_41xxx.o [1]
  .text              ro code   0x800'0a48     0x4  startup_stm32f40_41xxx.o [1]
  .text              ro code   0x800'0a4c     0x4  startup_stm32f40_41xxx.o [1]
  .text              ro code   0x800'0a50     0x4  startup_stm32f40_41xxx.o [1]
  .text              ro code   0x800'0a54     0x4  startup_stm32f40_41xxx.o [1]
  .text              ro code   0x800'0a58     0x4  startup_stm32f40_41xxx.o [1]
  .text              ro code   0x800'0a5c     0x4  startup_stm32f40_41xxx.o [1]
  .text              ro code   0x800'0a60     0x4  startup_stm32f40_41xxx.o [1]
  .text              ro code   0x800'0a64     0x4  startup_stm32f40_41xxx.o [1]
  .text              ro code   0x800'0a68     0x4  startup_stm32f40_41xxx.o [1]
  .text              ro code   0x800'0a6c     0x4  startup_stm32f40_41xxx.o [1]
  .text              ro code   0x800'0a70     0x4  startup_stm32f40_41xxx.o [1]
  .text              ro code   0x800'0a74     0x4  startup_stm32f40_41xxx.o [1]
  .text              ro code   0x800'0a78     0x4  startup_stm32f40_41xxx.o [1]
  .text              ro code   0x800'0a7c     0x4  startup_stm32f40_41xxx.o [1]
  .text              ro code   0x800'0a80     0x4  startup_stm32f40_41xxx.o [1]
  .text              ro code   0x800'0a84     0x4  startup_stm32f40_41xxx.o [1]
  .text              ro code   0x800'0a88     0x4  startup_stm32f40_41xxx.o [1]
  .text              ro code   0x800'0a8c     0x4  startup_stm32f40_41xxx.o [1]
  .text              ro code   0x800'0a90     0x4  startup_stm32f40_41xxx.o [1]
  .text              ro code   0x800'0a94     0x4  startup_stm32f40_41xxx.o [1]
  .text              ro code   0x800'0a98     0x4  startup_stm32f40_41xxx.o [1]
  .text              ro code   0x800'0a9c     0x4  startup_stm32f40_41xxx.o [1]
  .text              ro code   0x800'0aa0     0x4  startup_stm32f40_41xxx.o [1]
  .text              ro code   0x800'0aa4     0x4  startup_stm32f40_41xxx.o [1]
  .text              ro code   0x800'0aa8     0x4  startup_stm32f40_41xxx.o [1]
  .text              ro code   0x800'0aac     0x4  startup_stm32f40_41xxx.o [1]
  .text              ro code   0x800'0ab0     0x4  startup_stm32f40_41xxx.o [1]
  .text              ro code   0x800'0ab4     0x4  startup_stm32f40_41xxx.o [1]
  .text              ro code   0x800'0ab8     0x4  startup_stm32f40_41xxx.o [1]
  .text              ro code   0x800'0abc     0x4  startup_stm32f40_41xxx.o [1]
  .text              ro code   0x800'0ac0     0x4  startup_stm32f40_41xxx.o [1]
  .text              ro code   0x800'0ac4     0x4  startup_stm32f40_41xxx.o [1]
  .text              ro code   0x800'0ac8     0x4  startup_stm32f40_41xxx.o [1]
  .text              ro code   0x800'0acc     0x4  startup_stm32f40_41xxx.o [1]
  .text              ro code   0x800'0ad0     0x4  startup_stm32f40_41xxx.o [1]
  .text              ro code   0x800'0ad4     0x4  startup_stm32f40_41xxx.o [1]
  .text              ro code   0x800'0ad8     0x4  startup_stm32f40_41xxx.o [1]
  .text              ro code   0x800'0adc     0x4  startup_stm32f40_41xxx.o [1]
  .rodata            const     0x800'0ae0     0x0  copy_init3.o [4]
                             - 0x800'0ae0   0x958

"P2", part 1 of 2:                            0x8
  P2-1                        0x2000'0000     0x8  <Init block>
    .data            inited   0x2000'0000     0x4  main.o [1]
    .data            inited   0x2000'0004     0x4  main.o [1]
                            - 0x2000'0008     0x8

"P2", part 2 of 2:                         0x2000
  CSTACK                      0x2000'0008  0x2000  <Block>
    CSTACK           uninit   0x2000'0008  0x2000  <Block tail>
                            - 0x2000'2008  0x2000

Unused ranges:

         From           To      Size
         ----           --      ----
   0x800'0ae0   0x807'ffff  0x7'f520
  0x2000'2008  0x2001'ffff  0x1'dff8


*******************************************************************************
*** INIT TABLE
***

          Address      Size
          -------      ----
Copy (__iar_copy_init3)
    1 source range, total size 0x8:
           0x800'0994   0x8
    1 destination range, total size 0x8:
          0x2000'0000   0x8



*******************************************************************************
*** MODULE SUMMARY
***

    Module                    ro code  ro data  rw data
    ------                    -------  -------  -------
command line/config:
    ---------------------------------------------------
    Total:

C:\Users\rkdehdduq12\Desktop\Physical_Com\en.stsw-stm32065_v1-9-0\STM32F4xx_DSP_StdPeriph_Lib_V1.9.0\Project\PWM\Debug\Obj: [1]
    main.o                        536        8        8
    misc.o                        128
    startup_stm32f40_41xxx.o      732
    stm32f4xx_gpio.o              234
    stm32f4xx_it.o                 18
    stm32f4xx_rcc.o                64
    stm32f4xx_tim.o               728
    system_stm32f4xx.o             96
    ---------------------------------------------------
    Total:                      2'536        8        8

dl7M_tln.a: [2]
    exit.o                          4
    low_level_init.o                4
    ---------------------------------------------------
    Total:                          8

m7M_tls.a: [3]
    fpinit_M.o                     34
    ---------------------------------------------------
    Total:                         34

rt7M_tl.a: [4]
    cexit.o                        10
    cmain.o                        30
    copy_init3.o                   42
    cstartup_M.o                   28
    data_init.o                    40
    ---------------------------------------------------
    Total:                        150

shb_l.a: [5]
    exit.o                         20
    ---------------------------------------------------
    Total:                         20

    Gaps                            6        2
    Linker created                          20    8'192
-------------------------------------------------------
    Grand Total:                2'754       30    8'200


*******************************************************************************
*** ENTRY LIST
***

Entry                       Address  Size  Type      Object
-----                       -------  ----  ----      ------
.iar.init_table$$Base    0x800'08f8         --   Gb  - Linker created -
.iar.init_table$$Limit   0x800'090c         --   Gb  - Linker created -
?main                    0x800'0921        Code  Gb  cmain.o [4]
ADC_IRQHandler           0x800'09e5        Code  Wk  startup_stm32f40_41xxx.o [1]
BusFault_Handler         0x800'0913   0x2  Code  Gb  stm32f4xx_it.o [1]
CAN1_RX0_IRQHandler      0x800'09ed        Code  Wk  startup_stm32f40_41xxx.o [1]
CAN1_RX1_IRQHandler      0x800'09f1        Code  Wk  startup_stm32f40_41xxx.o [1]
CAN1_SCE_IRQHandler      0x800'09f5        Code  Wk  startup_stm32f40_41xxx.o [1]
CAN1_TX_IRQHandler       0x800'09e9        Code  Wk  startup_stm32f40_41xxx.o [1]
CAN2_RX0_IRQHandler      0x800'0a99        Code  Wk  startup_stm32f40_41xxx.o [1]
CAN2_RX1_IRQHandler      0x800'0a9d        Code  Wk  startup_stm32f40_41xxx.o [1]
CAN2_SCE_IRQHandler      0x800'0aa1        Code  Wk  startup_stm32f40_41xxx.o [1]
CAN2_TX_IRQHandler       0x800'0a95        Code  Wk  startup_stm32f40_41xxx.o [1]
CRYP_IRQHandler          0x800'0ad5        Code  Wk  startup_stm32f40_41xxx.o [1]
CSTACK$$Base            0x2000'0008         --   Gb  - Linker created -
CSTACK$$Limit           0x2000'2008         --   Gb  - Linker created -
DCMI_IRQHandler          0x800'0ad1        Code  Wk  startup_stm32f40_41xxx.o [1]
DMA1_Stream0_IRQHandler
                         0x800'09c9        Code  Wk  startup_stm32f40_41xxx.o [1]
DMA1_Stream1_IRQHandler
                         0x800'09cd        Code  Wk  startup_stm32f40_41xxx.o [1]
DMA1_Stream2_IRQHandler
                         0x800'09d1        Code  Wk  startup_stm32f40_41xxx.o [1]
DMA1_Stream3_IRQHandler
                         0x800'09d5        Code  Wk  startup_stm32f40_41xxx.o [1]
DMA1_Stream4_IRQHandler
                         0x800'09d9        Code  Wk  startup_stm32f40_41xxx.o [1]
DMA1_Stream5_IRQHandler
                         0x800'09dd        Code  Wk  startup_stm32f40_41xxx.o [1]
DMA1_Stream6_IRQHandler
                         0x800'09e1        Code  Wk  startup_stm32f40_41xxx.o [1]
DMA1_Stream7_IRQHandler
                         0x800'0a55        Code  Wk  startup_stm32f40_41xxx.o [1]
DMA2_Stream0_IRQHandler
                         0x800'0a79        Code  Wk  startup_stm32f40_41xxx.o [1]
DMA2_Stream1_IRQHandler
                         0x800'0a7d        Code  Wk  startup_stm32f40_41xxx.o [1]
DMA2_Stream2_IRQHandler
                         0x800'0a81        Code  Wk  startup_stm32f40_41xxx.o [1]
DMA2_Stream3_IRQHandler
                         0x800'0a85        Code  Wk  startup_stm32f40_41xxx.o [1]
DMA2_Stream4_IRQHandler
                         0x800'0a89        Code  Wk  startup_stm32f40_41xxx.o [1]
DMA2_Stream5_IRQHandler
                         0x800'0aa9        Code  Wk  startup_stm32f40_41xxx.o [1]
DMA2_Stream6_IRQHandler
                         0x800'0aad        Code  Wk  startup_stm32f40_41xxx.o [1]
DMA2_Stream7_IRQHandler
                         0x800'0ab1        Code  Wk  startup_stm32f40_41xxx.o [1]
DebugMon_Handler         0x800'0919   0x2  Code  Gb  stm32f4xx_it.o [1]
ETH_IRQHandler           0x800'0a8d        Code  Wk  startup_stm32f40_41xxx.o [1]
ETH_WKUP_IRQHandler      0x800'0a91        Code  Wk  startup_stm32f40_41xxx.o [1]
EXTI0_IRQHandler         0x800'09b5        Code  Wk  startup_stm32f40_41xxx.o [1]
EXTI15_10_IRQHandler     0x800'0a39        Code  Wk  startup_stm32f40_41xxx.o [1]
EXTI1_IRQHandler         0x800'09b9        Code  Wk  startup_stm32f40_41xxx.o [1]
EXTI2_IRQHandler         0x800'09bd        Code  Wk  startup_stm32f40_41xxx.o [1]
EXTI3_IRQHandler         0x800'09c1        Code  Wk  startup_stm32f40_41xxx.o [1]
EXTI4_IRQHandler         0x800'09c5        Code  Wk  startup_stm32f40_41xxx.o [1]
EXTI9_5_IRQHandler       0x800'09f9        Code  Wk  startup_stm32f40_41xxx.o [1]
FLASH_IRQHandler         0x800'09ad        Code  Wk  startup_stm32f40_41xxx.o [1]
FPU_IRQHandler           0x800'0add        Code  Wk  startup_stm32f40_41xxx.o [1]
FSMC_IRQHandler          0x800'0a59        Code  Wk  startup_stm32f40_41xxx.o [1]
GPIO_Init                0x800'06b9  0x90  Code  Gb  stm32f4xx_gpio.o [1]
GPIO_PinAFConfig         0x800'0753  0x50  Code  Gb  stm32f4xx_gpio.o [1]
GPIO_ToggleBits          0x800'0749   0xa  Code  Gb  stm32f4xx_gpio.o [1]
HASH_RNG_IRQHandler      0x800'0ad9        Code  Wk  startup_stm32f40_41xxx.o [1]
HardFault_Handler        0x800'090f   0x2  Code  Gb  stm32f4xx_it.o [1]
I2C1_ER_IRQHandler       0x800'0a19        Code  Wk  startup_stm32f40_41xxx.o [1]
I2C1_EV_IRQHandler       0x800'0a15        Code  Wk  startup_stm32f40_41xxx.o [1]
I2C2_ER_IRQHandler       0x800'0a21        Code  Wk  startup_stm32f40_41xxx.o [1]
I2C2_EV_IRQHandler       0x800'0a1d        Code  Wk  startup_stm32f40_41xxx.o [1]
I2C3_ER_IRQHandler       0x800'0abd        Code  Wk  startup_stm32f40_41xxx.o [1]
I2C3_EV_IRQHandler       0x800'0ab9        Code  Wk  startup_stm32f40_41xxx.o [1]
LED_init                 0x800'0601  0x2a  Code  Gb  main.o [1]
MemManage_Handler        0x800'0911   0x2  Code  Gb  stm32f4xx_it.o [1]
NMI_Handler              0x800'090d   0x2  Code  Gb  stm32f4xx_it.o [1]
NVIC_Init                0x800'07d7  0x60  Code  Gb  misc.o [1]
NVIC_PriorityGroupConfig
                         0x800'07cd   0xa  Code  Gb  misc.o [1]
OTG_FS_IRQHandler        0x800'0aa5        Code  Wk  startup_stm32f40_41xxx.o [1]
OTG_FS_WKUP_IRQHandler   0x800'0a41        Code  Wk  startup_stm32f40_41xxx.o [1]
OTG_HS_EP1_IN_IRQHandler
                         0x800'0ac5        Code  Wk  startup_stm32f40_41xxx.o [1]
OTG_HS_EP1_OUT_IRQHandler
                         0x800'0ac1        Code  Wk  startup_stm32f40_41xxx.o [1]
OTG_HS_IRQHandler        0x800'0acd        Code  Wk  startup_stm32f40_41xxx.o [1]
OTG_HS_WKUP_IRQHandler   0x800'0ac9        Code  Wk  startup_stm32f40_41xxx.o [1]
PVD_IRQHandler           0x800'09a1        Code  Wk  startup_stm32f40_41xxx.o [1]
PWM_TIM4_Configuration   0x800'0497  0x40  Code  Gb  main.o [1]
PendSV_Handler           0x800'091b   0x2  Code  Gb  stm32f4xx_it.o [1]
RCC_AHB1PeriphClockCmd   0x800'0679  0x1c  Code  Gb  stm32f4xx_rcc.o [1]
RCC_APB1PeriphClockCmd   0x800'0695  0x1c  Code  Gb  stm32f4xx_rcc.o [1]
RCC_IRQHandler           0x800'09b1        Code  Wk  startup_stm32f40_41xxx.o [1]
RGB_LED_init             0x800'04d7  0x56  Code  Gb  main.o [1]
RTC_Alarm_IRQHandler     0x800'0a3d        Code  Wk  startup_stm32f40_41xxx.o [1]
RTC_WKUP_IRQHandler      0x800'09a9        Code  Wk  startup_stm32f40_41xxx.o [1]
Region$$Table$$Base      0x800'08f8         --   Gb  - Linker created -
Region$$Table$$Limit     0x800'090c         --   Gb  - Linker created -
Reset_Handler            0x800'0985        Code  Wk  startup_stm32f40_41xxx.o [1]
SDIO_IRQHandler          0x800'0a5d        Code  Wk  startup_stm32f40_41xxx.o [1]
SPI1_IRQHandler          0x800'0a25        Code  Wk  startup_stm32f40_41xxx.o [1]
SPI2_IRQHandler          0x800'0a29        Code  Wk  startup_stm32f40_41xxx.o [1]
SPI3_IRQHandler          0x800'0a65        Code  Wk  startup_stm32f40_41xxx.o [1]
SVC_Handler              0x800'0917   0x2  Code  Gb  stm32f4xx_it.o [1]
SysTick_Handler          0x800'091d   0x2  Code  Gb  stm32f4xx_it.o [1]
SystemInit               0x800'084d  0x40  Code  Gb  system_stm32f4xx.o [1]
TAMP_STAMP_IRQHandler    0x800'09a5        Code  Wk  startup_stm32f40_41xxx.o [1]
TIM1_BRK_TIM9_IRQHandler
                         0x800'09fd        Code  Wk  startup_stm32f40_41xxx.o [1]
TIM1_CC_IRQHandler       0x800'0a09        Code  Wk  startup_stm32f40_41xxx.o [1]
TIM1_TRG_COM_TIM11_IRQHandler
                         0x800'0a05        Code  Wk  startup_stm32f40_41xxx.o [1]
TIM1_UP_TIM10_IRQHandler
                         0x800'0a01        Code  Wk  startup_stm32f40_41xxx.o [1]
TIM2_Configuration       0x800'052d  0x70  Code  Gb  main.o [1]
TIM2_IRQHandler          0x800'059d  0x64  Code  Gb  main.o [1]
TIM3_IRQHandler          0x800'0a0d        Code  Wk  startup_stm32f40_41xxx.o [1]
TIM4_Configuration       0x800'0461  0x36  Code  Gb  main.o [1]
TIM4_IRQHandler          0x800'0a11        Code  Wk  startup_stm32f40_41xxx.o [1]
TIM5_IRQHandler          0x800'0a61        Code  Wk  startup_stm32f40_41xxx.o [1]
TIM6_DAC_IRQHandler      0x800'0a71        Code  Wk  startup_stm32f40_41xxx.o [1]
TIM7_IRQHandler          0x800'0a75        Code  Wk  startup_stm32f40_41xxx.o [1]
TIM8_BRK_TIM12_IRQHandler
                         0x800'0a45        Code  Wk  startup_stm32f40_41xxx.o [1]
TIM8_CC_IRQHandler       0x800'0a51        Code  Wk  startup_stm32f40_41xxx.o [1]
TIM8_TRG_COM_TIM14_IRQHandler
                         0x800'0a4d        Code  Wk  startup_stm32f40_41xxx.o [1]
TIM8_UP_TIM13_IRQHandler
                         0x800'0a49        Code  Wk  startup_stm32f40_41xxx.o [1]
TIM_ClearITPendingBit    0x800'0459   0x8  Code  Gb  stm32f4xx_tim.o [1]
TIM_Cmd                  0x800'01f7  0x1c  Code  Gb  stm32f4xx_tim.o [1]
TIM_GetITStatus          0x800'0435  0x24  Code  Gb  stm32f4xx_tim.o [1]
TIM_ITConfig             0x800'041d  0x18  Code  Gb  stm32f4xx_tim.o [1]
TIM_OC1Init              0x800'0213  0x7c  Code  Gb  stm32f4xx_tim.o [1]
TIM_OC2Init              0x800'028f  0x88  Code  Gb  stm32f4xx_tim.o [1]
TIM_OC3Init              0x800'0317  0x86  Code  Gb  stm32f4xx_tim.o [1]
TIM_OC4Init              0x800'039d  0x62  Code  Gb  stm32f4xx_tim.o [1]
TIM_TimeBaseInit         0x800'0189  0x6e  Code  Gb  stm32f4xx_tim.o [1]
UART4_IRQHandler         0x800'0a69        Code  Wk  startup_stm32f40_41xxx.o [1]
UART5_IRQHandler         0x800'0a6d        Code  Wk  startup_stm32f40_41xxx.o [1]
USART1_IRQHandler        0x800'0a2d        Code  Wk  startup_stm32f40_41xxx.o [1]
USART2_IRQHandler        0x800'0a31        Code  Wk  startup_stm32f40_41xxx.o [1]
USART3_IRQHandler        0x800'0a35        Code  Wk  startup_stm32f40_41xxx.o [1]
USART6_IRQHandler        0x800'0ab5        Code  Wk  startup_stm32f40_41xxx.o [1]
UsageFault_Handler       0x800'0915   0x2  Code  Gb  stm32f4xx_it.o [1]
WWDG_IRQHandler          0x800'099d        Code  Wk  startup_stm32f40_41xxx.o [1]
__cmain                  0x800'0921        Code  Gb  cmain.o [4]
__exit                   0x800'0955  0x14  Code  Gb  exit.o [5]
__iar_copy_init3         0x800'07a3  0x2a  Code  Gb  copy_init3.o [4]
__iar_data_init3         0x800'08ad  0x28  Code  Gb  data_init.o [4]
__iar_init_vfp           0x800'08d5        Code  Gb  fpinit_M.o [3]
__iar_program_start      0x800'0969        Code  Gb  cstartup_M.o [4]
__low_level_init         0x800'093f   0x4  Code  Gb  low_level_init.o [2]
__vector_table           0x800'0000        Data  Gb  startup_stm32f40_41xxx.o [1]
_call_main               0x800'092d        Code  Gb  cmain.o [4]
_exit                    0x800'0949        Code  Gb  cexit.o [4]
degree                  0x2000'0000   0x4  Data  Gb  main.o [1]
exit                     0x800'0943   0x4  Code  Gb  exit.o [2]
intensity               0x2000'0004   0x4  Data  Gb  main.o [1]
main                     0x800'062b  0x28  Code  Gb  main.o [1]


[1] = C:\Users\rkdehdduq12\Desktop\Physical_Com\en.stsw-stm32065_v1-9-0\STM32F4xx_DSP_StdPeriph_Lib_V1.9.0\Project\PWM\Debug\Obj
[2] = dl7M_tln.a
[3] = m7M_tls.a
[4] = rt7M_tl.a
[5] = shb_l.a

  2'754 bytes of readonly  code memory
     30 bytes of readonly  data memory
  8'200 bytes of readwrite data memory

Errors: none
Warnings: none
