###############################################################################
#
# IAR ELF Linker V9.40.1.364/W64 for ARM                  11/Dec/2023  05:32:58
# Copyright 2007-2023 IAR Systems AB.
#
#    Output file  =
#        C:\Users\rkdehdduq12\Desktop\Physical_Com\en.stsw-stm32065_v1-9-0\STM32F4xx_DSP_StdPeriph_Lib_V1.9.0\Project\ECG\Debug\Exe\ECG.out
#    Map file     =
#        C:\Users\rkdehdduq12\Desktop\Physical_Com\en.stsw-stm32065_v1-9-0\STM32F4xx_DSP_StdPeriph_Lib_V1.9.0\Project\ECG\Debug\List\ECG.map
#    Command line =
#        -f
#        C:\Users\rkdehdduq12\Desktop\Physical_Com\en.stsw-stm32065_v1-9-0\STM32F4xx_DSP_StdPeriph_Lib_V1.9.0\Project\ECG\Debug\Exe\ECG.out.rsp
#        (C:\Users\rkdehdduq12\Desktop\Physical_Com\en.stsw-stm32065_v1-9-0\STM32F4xx_DSP_StdPeriph_Lib_V1.9.0\Project\ECG\Debug\Obj\main.o
#        C:\Users\rkdehdduq12\Desktop\Physical_Com\en.stsw-stm32065_v1-9-0\STM32F4xx_DSP_StdPeriph_Lib_V1.9.0\Project\ECG\Debug\Obj\misc.o
#        C:\Users\rkdehdduq12\Desktop\Physical_Com\en.stsw-stm32065_v1-9-0\STM32F4xx_DSP_StdPeriph_Lib_V1.9.0\Project\ECG\Debug\Obj\startup_stm32f40_41xxx.o
#        C:\Users\rkdehdduq12\Desktop\Physical_Com\en.stsw-stm32065_v1-9-0\STM32F4xx_DSP_StdPeriph_Lib_V1.9.0\Project\ECG\Debug\Obj\stm32f4xx_adc.o
#        C:\Users\rkdehdduq12\Desktop\Physical_Com\en.stsw-stm32065_v1-9-0\STM32F4xx_DSP_StdPeriph_Lib_V1.9.0\Project\ECG\Debug\Obj\stm32f4xx_gpio.o
#        C:\Users\rkdehdduq12\Desktop\Physical_Com\en.stsw-stm32065_v1-9-0\STM32F4xx_DSP_StdPeriph_Lib_V1.9.0\Project\ECG\Debug\Obj\stm32f4xx_it.o
#        C:\Users\rkdehdduq12\Desktop\Physical_Com\en.stsw-stm32065_v1-9-0\STM32F4xx_DSP_StdPeriph_Lib_V1.9.0\Project\ECG\Debug\Obj\stm32f4xx_rcc.o
#        C:\Users\rkdehdduq12\Desktop\Physical_Com\en.stsw-stm32065_v1-9-0\STM32F4xx_DSP_StdPeriph_Lib_V1.9.0\Project\ECG\Debug\Obj\stm32f4xx_syscfg.o
#        C:\Users\rkdehdduq12\Desktop\Physical_Com\en.stsw-stm32065_v1-9-0\STM32F4xx_DSP_StdPeriph_Lib_V1.9.0\Project\ECG\Debug\Obj\stm32f4xx_tim.o
#        C:\Users\rkdehdduq12\Desktop\Physical_Com\en.stsw-stm32065_v1-9-0\STM32F4xx_DSP_StdPeriph_Lib_V1.9.0\Project\ECG\Debug\Obj\stm32f4xx_usart.o
#        C:\Users\rkdehdduq12\Desktop\Physical_Com\en.stsw-stm32065_v1-9-0\STM32F4xx_DSP_StdPeriph_Lib_V1.9.0\Project\ECG\Debug\Obj\system_stm32f4xx.o
#        --no_out_extension -o
#        C:\Users\rkdehdduq12\Desktop\Physical_Com\en.stsw-stm32065_v1-9-0\STM32F4xx_DSP_StdPeriph_Lib_V1.9.0\Project\ECG\Debug\Exe\ECG.out
#        --redirect _Printf=_PrintfFullNoMb --redirect _Scanf=_ScanfFullNoMb
#        --map
#        C:\Users\rkdehdduq12\Desktop\Physical_Com\en.stsw-stm32065_v1-9-0\STM32F4xx_DSP_StdPeriph_Lib_V1.9.0\Project\ECG\Debug\List\ECG.map
#        --config "C:\Program Files\IAR Systems\Embedded Workbench
#        9.2\arm/config/linker/ST/stm32f411xE.icf" --semihosting --entry
#        __iar_program_start --vfe --text_out locale --cpu=Cortex-M4
#        --fpu=VFPv4_sp) --dependencies=n
#        C:\Users\rkdehdduq12\Desktop\Physical_Com\en.stsw-stm32065_v1-9-0\STM32F4xx_DSP_StdPeriph_Lib_V1.9.0\Project\ECG\Debug\Exe\ECG.out.iar_deps
#
###############################################################################

*******************************************************************************
*** RUNTIME MODEL ATTRIBUTES
***

CppFlavor       = *
__CPP_Runtime   = 1
__SystemLibrary = DLib
__dlib_version  = 6


*******************************************************************************
*** HEAP SELECTION
***

The basic heap was selected because --advanced_heap
was not specified and the application did not appear to
be primarily optimized for speed.


*******************************************************************************
*** PLACEMENT SUMMARY
***

"A0":  place at address 0x800'0000 { ro section .intvec };
"P1":  place in [from 0x800'0000 to 0x807'ffff] { ro };
define block CSTACK with size = 8K, alignment = 8 { };
define block HEAP with size = 8K, alignment = 8 { };
"P2":  place in [from 0x2000'0000 to 0x2001'ffff] {
          rw, block CSTACK, block HEAP };
initialize by copy { rw };

  Section            Kind         Address    Size  Object
  -------            ----         -------    ----  ------
"A0":                                       0x188
  .intvec            ro code   0x800'0000   0x188  startup_stm32f40_41xxx.o [1]
                             - 0x800'0188   0x188

"P1":                                       0xc41
  .text              ro code   0x800'0188   0x30c  main.o [1]
  .text              ro code   0x800'0494   0x134  stm32f4xx_rcc.o [1]
  .text              ro code   0x800'05c8    0xee  stm32f4xx_gpio.o [1]
  .text              ro code   0x800'06b6    0x3a  packbits_init_single.o [4]
  .text              ro code   0x800'06f0   0x10e  stm32f4xx_usart.o [1]
  .text              ro code   0x800'07fe    0x12  stm32f4xx_it.o [1]
  .text              ro code   0x800'0810    0xec  stm32f4xx_tim.o [1]
  .text              ro code   0x800'08fc    0x80  misc.o [1]
  .text              ro code   0x800'097c   0x1cc  stm32f4xx_adc.o [1]
  .text              ro code   0x800'0b48    0x60  system_stm32f4xx.o [1]
  .text              ro code   0x800'0ba8    0x28  data_init.o [4]
  .text              ro code   0x800'0bd0    0x22  fpinit_M.o [3]
  .iar.init_table    const     0x800'0bf4    0x10  - Linker created -
  .text              ro code   0x800'0c04    0x1e  cmain.o [4]
  .text              ro code   0x800'0c22     0x4  low_level_init.o [2]
  .text              ro code   0x800'0c26     0x4  exit.o [2]
  .text              ro code   0x800'0c2c     0xa  cexit.o [4]
  .text              ro code   0x800'0c38    0x14  exit.o [5]
  .text              ro code   0x800'0c4c    0x1c  cstartup_M.o [4]
  .text              ro code   0x800'0c68    0x10  startup_stm32f40_41xxx.o [1]
  .text              ro code   0x800'0c78     0x4  startup_stm32f40_41xxx.o [1]
  .text              ro code   0x800'0c7c     0x4  startup_stm32f40_41xxx.o [1]
  .text              ro code   0x800'0c80     0x4  startup_stm32f40_41xxx.o [1]
  .text              ro code   0x800'0c84     0x4  startup_stm32f40_41xxx.o [1]
  .text              ro code   0x800'0c88     0x4  startup_stm32f40_41xxx.o [1]
  .text              ro code   0x800'0c8c     0x4  startup_stm32f40_41xxx.o [1]
  .text              ro code   0x800'0c90     0x4  startup_stm32f40_41xxx.o [1]
  .text              ro code   0x800'0c94     0x4  startup_stm32f40_41xxx.o [1]
  .text              ro code   0x800'0c98     0x4  startup_stm32f40_41xxx.o [1]
  .text              ro code   0x800'0c9c     0x4  startup_stm32f40_41xxx.o [1]
  .text              ro code   0x800'0ca0     0x4  startup_stm32f40_41xxx.o [1]
  .text              ro code   0x800'0ca4     0x4  startup_stm32f40_41xxx.o [1]
  .text              ro code   0x800'0ca8     0x4  startup_stm32f40_41xxx.o [1]
  .text              ro code   0x800'0cac     0x4  startup_stm32f40_41xxx.o [1]
  .text              ro code   0x800'0cb0     0x4  startup_stm32f40_41xxx.o [1]
  .text              ro code   0x800'0cb4     0x4  startup_stm32f40_41xxx.o [1]
  .text              ro code   0x800'0cb8     0x4  startup_stm32f40_41xxx.o [1]
  .text              ro code   0x800'0cbc     0x4  startup_stm32f40_41xxx.o [1]
  .text              ro code   0x800'0cc0     0x4  startup_stm32f40_41xxx.o [1]
  .text              ro code   0x800'0cc4     0x4  startup_stm32f40_41xxx.o [1]
  .text              ro code   0x800'0cc8     0x4  startup_stm32f40_41xxx.o [1]
  .text              ro code   0x800'0ccc     0x4  startup_stm32f40_41xxx.o [1]
  .text              ro code   0x800'0cd0     0x4  startup_stm32f40_41xxx.o [1]
  .text              ro code   0x800'0cd4     0x4  startup_stm32f40_41xxx.o [1]
  .text              ro code   0x800'0cd8     0x4  startup_stm32f40_41xxx.o [1]
  .text              ro code   0x800'0cdc     0x4  startup_stm32f40_41xxx.o [1]
  .text              ro code   0x800'0ce0     0x4  startup_stm32f40_41xxx.o [1]
  .text              ro code   0x800'0ce4     0x4  startup_stm32f40_41xxx.o [1]
  .text              ro code   0x800'0ce8     0x4  startup_stm32f40_41xxx.o [1]
  .text              ro code   0x800'0cec     0x4  startup_stm32f40_41xxx.o [1]
  .text              ro code   0x800'0cf0     0x4  startup_stm32f40_41xxx.o [1]
  .text              ro code   0x800'0cf4     0x4  startup_stm32f40_41xxx.o [1]
  .text              ro code   0x800'0cf8     0x4  startup_stm32f40_41xxx.o [1]
  .text              ro code   0x800'0cfc     0x4  startup_stm32f40_41xxx.o [1]
  .text              ro code   0x800'0d00     0x4  startup_stm32f40_41xxx.o [1]
  .text              ro code   0x800'0d04     0x4  startup_stm32f40_41xxx.o [1]
  .text              ro code   0x800'0d08     0x4  startup_stm32f40_41xxx.o [1]
  .text              ro code   0x800'0d0c     0x4  startup_stm32f40_41xxx.o [1]
  .text              ro code   0x800'0d10     0x4  startup_stm32f40_41xxx.o [1]
  .text              ro code   0x800'0d14     0x4  startup_stm32f40_41xxx.o [1]
  .text              ro code   0x800'0d18     0x4  startup_stm32f40_41xxx.o [1]
  .text              ro code   0x800'0d1c     0x4  startup_stm32f40_41xxx.o [1]
  .text              ro code   0x800'0d20     0x4  startup_stm32f40_41xxx.o [1]
  .text              ro code   0x800'0d24     0x4  startup_stm32f40_41xxx.o [1]
  .text              ro code   0x800'0d28     0x4  startup_stm32f40_41xxx.o [1]
  .text              ro code   0x800'0d2c     0x4  startup_stm32f40_41xxx.o [1]
  .text              ro code   0x800'0d30     0x4  startup_stm32f40_41xxx.o [1]
  .text              ro code   0x800'0d34     0x4  startup_stm32f40_41xxx.o [1]
  .text              ro code   0x800'0d38     0x4  startup_stm32f40_41xxx.o [1]
  .text              ro code   0x800'0d3c     0x4  startup_stm32f40_41xxx.o [1]
  .text              ro code   0x800'0d40     0x4  startup_stm32f40_41xxx.o [1]
  .text              ro code   0x800'0d44     0x4  startup_stm32f40_41xxx.o [1]
  .text              ro code   0x800'0d48     0x4  startup_stm32f40_41xxx.o [1]
  .text              ro code   0x800'0d4c     0x4  startup_stm32f40_41xxx.o [1]
  .text              ro code   0x800'0d50     0x4  startup_stm32f40_41xxx.o [1]
  .text              ro code   0x800'0d54     0x4  startup_stm32f40_41xxx.o [1]
  .text              ro code   0x800'0d58     0x4  startup_stm32f40_41xxx.o [1]
  .text              ro code   0x800'0d5c     0x4  startup_stm32f40_41xxx.o [1]
  .text              ro code   0x800'0d60     0x4  startup_stm32f40_41xxx.o [1]
  .text              ro code   0x800'0d64     0x4  startup_stm32f40_41xxx.o [1]
  .text              ro code   0x800'0d68     0x4  startup_stm32f40_41xxx.o [1]
  .text              ro code   0x800'0d6c     0x4  startup_stm32f40_41xxx.o [1]
  .text              ro code   0x800'0d70     0x4  startup_stm32f40_41xxx.o [1]
  .text              ro code   0x800'0d74     0x4  startup_stm32f40_41xxx.o [1]
  .text              ro code   0x800'0d78     0x4  startup_stm32f40_41xxx.o [1]
  .text              ro code   0x800'0d7c     0x4  startup_stm32f40_41xxx.o [1]
  .text              ro code   0x800'0d80     0x4  startup_stm32f40_41xxx.o [1]
  .text              ro code   0x800'0d84     0x4  startup_stm32f40_41xxx.o [1]
  .text              ro code   0x800'0d88     0x4  startup_stm32f40_41xxx.o [1]
  .text              ro code   0x800'0d8c     0x4  startup_stm32f40_41xxx.o [1]
  .text              ro code   0x800'0d90     0x4  startup_stm32f40_41xxx.o [1]
  .text              ro code   0x800'0d94     0x4  startup_stm32f40_41xxx.o [1]
  .text              ro code   0x800'0d98     0x4  startup_stm32f40_41xxx.o [1]
  .text              ro code   0x800'0d9c     0x4  startup_stm32f40_41xxx.o [1]
  .text              ro code   0x800'0da0     0x4  startup_stm32f40_41xxx.o [1]
  .text              ro code   0x800'0da4     0x4  startup_stm32f40_41xxx.o [1]
  .text              ro code   0x800'0da8     0x4  startup_stm32f40_41xxx.o [1]
  .text              ro code   0x800'0dac     0x4  startup_stm32f40_41xxx.o [1]
  .text              ro code   0x800'0db0     0x4  startup_stm32f40_41xxx.o [1]
  .text              ro code   0x800'0db4     0x4  startup_stm32f40_41xxx.o [1]
  .rodata            const     0x800'0db8     0x0  packbits_init_single.o [4]
  Initializer bytes  const     0x800'0db8    0x11  <for P2-1>
                             - 0x800'0dc9   0xc41

"P2", part 1 of 2:                           0x28
  P2-1                        0x2000'0000    0x28  <Init block>
    .data            inited   0x2000'0000    0x10  stm32f4xx_rcc.o [1]
    .bss             inited   0x2000'0010    0x14  main.o [1]
    .bss             inited   0x2000'0024     0x2  main.o [1]
    .bss             inited   0x2000'0026     0x2  main.o [1]
                            - 0x2000'0028    0x28

"P2", part 2 of 2:                         0x2000
  CSTACK                      0x2000'0028  0x2000  <Block>
    CSTACK           uninit   0x2000'0028  0x2000  <Block tail>
                            - 0x2000'2028  0x2000

Unused ranges:

         From           To      Size
         ----           --      ----
   0x800'0dc9   0x807'ffff  0x7'f237
  0x2000'2028  0x2001'ffff  0x1'dfd8


*******************************************************************************
*** INIT TABLE
***

          Address      Size
          -------      ----
Copy/packbits (__iar_packbits_init_single3)
    1 source range, total size 0x11 (42% of destination):
           0x800'0db8  0x11
    1 destination range, total size 0x28:
          0x2000'0000  0x28



*******************************************************************************
*** MODULE SUMMARY
***

    Module                    ro code  ro data  rw data
    ------                    -------  -------  -------
command line/config:
    ---------------------------------------------------
    Total:

C:\Users\rkdehdduq12\Desktop\Physical_Com\en.stsw-stm32065_v1-9-0\STM32F4xx_DSP_StdPeriph_Lib_V1.9.0\Project\ECG\Debug\Obj: [1]
    main.o                        780       11       24
    misc.o                        128
    startup_stm32f40_41xxx.o      728
    stm32f4xx_adc.o               460
    stm32f4xx_gpio.o              238
    stm32f4xx_it.o                 18
    stm32f4xx_rcc.o               308        6       16
    stm32f4xx_tim.o               236
    stm32f4xx_usart.o             270
    system_stm32f4xx.o             96
    ---------------------------------------------------
    Total:                      3'262       17       40

dl7M_tln.a: [2]
    exit.o                          4
    low_level_init.o                4
    ---------------------------------------------------
    Total:                          8

m7M_tls.a: [3]
    fpinit_M.o                     34
    ---------------------------------------------------
    Total:                         34

rt7M_tl.a: [4]
    cexit.o                        10
    cmain.o                        30
    cstartup_M.o                   28
    data_init.o                    40
    packbits_init_single.o         58
    ---------------------------------------------------
    Total:                        166

shb_l.a: [5]
    exit.o                         20
    ---------------------------------------------------
    Total:                         20

    Gaps                            4        2
    Linker created                          16    8'192
-------------------------------------------------------
    Grand Total:                3'494       35    8'232


*******************************************************************************
*** ENTRY LIST
***

Entry                       Address  Size  Type      Object
-----                       -------  ----  ----      ------
.iar.init_table$$Base    0x800'0bf4         --   Gb  - Linker created -
.iar.init_table$$Limit   0x800'0c04         --   Gb  - Linker created -
?main                    0x800'0c05        Code  Gb  cmain.o [4]
ADC1_data               0x2000'0024   0x2  Data  Gb  main.o [1]
ADC_ClearITPendingBit    0x800'0b3b   0xe  Code  Gb  stm32f4xx_adc.o [1]
ADC_Cmd                  0x800'09e5  0x1a  Code  Gb  stm32f4xx_adc.o [1]
ADC_CommonInit           0x800'09c7  0x1e  Code  Gb  stm32f4xx_adc.o [1]
ADC_Configuration        0x800'034b  0xb8  Code  Gb  main.o [1]
ADC_GetConversionValue   0x800'0ad3   0x6  Code  Gb  stm32f4xx_adc.o [1]
ADC_GetITStatus          0x800'0b0b  0x30  Code  Gb  stm32f4xx_adc.o [1]
ADC_IRQHandler           0x800'0403  0x28  Code  Gb  main.o [1]
ADC_ITConfig             0x800'0ae9  0x22  Code  Gb  stm32f4xx_adc.o [1]
ADC_Init                 0x800'097d  0x4a  Code  Gb  stm32f4xx_adc.o [1]
ADC_RegularChannelConfig
                         0x800'09ff  0xca  Code  Gb  stm32f4xx_adc.o [1]
ADC_SoftwareStartConv    0x800'0ac9   0xa  Code  Gb  stm32f4xx_adc.o [1]
APBAHBPrescTable        0x2000'0000  0x10  Data  Lc  stm32f4xx_rcc.o [1]
BusFault_Handler         0x800'0805   0x2  Code  Gb  stm32f4xx_it.o [1]
CAN1_RX0_IRQHandler      0x800'0cc5        Code  Wk  startup_stm32f40_41xxx.o [1]
CAN1_RX1_IRQHandler      0x800'0cc9        Code  Wk  startup_stm32f40_41xxx.o [1]
CAN1_SCE_IRQHandler      0x800'0ccd        Code  Wk  startup_stm32f40_41xxx.o [1]
CAN1_TX_IRQHandler       0x800'0cc1        Code  Wk  startup_stm32f40_41xxx.o [1]
CAN2_RX0_IRQHandler      0x800'0d71        Code  Wk  startup_stm32f40_41xxx.o [1]
CAN2_RX1_IRQHandler      0x800'0d75        Code  Wk  startup_stm32f40_41xxx.o [1]
CAN2_SCE_IRQHandler      0x800'0d79        Code  Wk  startup_stm32f40_41xxx.o [1]
CAN2_TX_IRQHandler       0x800'0d6d        Code  Wk  startup_stm32f40_41xxx.o [1]
CRYP_IRQHandler          0x800'0dad        Code  Wk  startup_stm32f40_41xxx.o [1]
CSTACK$$Base            0x2000'0028         --   Gb  - Linker created -
CSTACK$$Limit           0x2000'2028         --   Gb  - Linker created -
DCMI_IRQHandler          0x800'0da9        Code  Wk  startup_stm32f40_41xxx.o [1]
DMA1_Stream0_IRQHandler
                         0x800'0ca5        Code  Wk  startup_stm32f40_41xxx.o [1]
DMA1_Stream1_IRQHandler
                         0x800'0ca9        Code  Wk  startup_stm32f40_41xxx.o [1]
DMA1_Stream2_IRQHandler
                         0x800'0cad        Code  Wk  startup_stm32f40_41xxx.o [1]
DMA1_Stream3_IRQHandler
                         0x800'0cb1        Code  Wk  startup_stm32f40_41xxx.o [1]
DMA1_Stream4_IRQHandler
                         0x800'0cb5        Code  Wk  startup_stm32f40_41xxx.o [1]
DMA1_Stream5_IRQHandler
                         0x800'0cb9        Code  Wk  startup_stm32f40_41xxx.o [1]
DMA1_Stream6_IRQHandler
                         0x800'0cbd        Code  Wk  startup_stm32f40_41xxx.o [1]
DMA1_Stream7_IRQHandler
                         0x800'0d31        Code  Wk  startup_stm32f40_41xxx.o [1]
DMA2_Stream0_IRQHandler
                         0x800'0d51        Code  Wk  startup_stm32f40_41xxx.o [1]
DMA2_Stream1_IRQHandler
                         0x800'0d55        Code  Wk  startup_stm32f40_41xxx.o [1]
DMA2_Stream2_IRQHandler
                         0x800'0d59        Code  Wk  startup_stm32f40_41xxx.o [1]
DMA2_Stream3_IRQHandler
                         0x800'0d5d        Code  Wk  startup_stm32f40_41xxx.o [1]
DMA2_Stream4_IRQHandler
                         0x800'0d61        Code  Wk  startup_stm32f40_41xxx.o [1]
DMA2_Stream5_IRQHandler
                         0x800'0d81        Code  Wk  startup_stm32f40_41xxx.o [1]
DMA2_Stream6_IRQHandler
                         0x800'0d85        Code  Wk  startup_stm32f40_41xxx.o [1]
DMA2_Stream7_IRQHandler
                         0x800'0d89        Code  Wk  startup_stm32f40_41xxx.o [1]
DebugMon_Handler         0x800'080b   0x2  Code  Gb  stm32f4xx_it.o [1]
Delay                    0x800'0189  0x14  Code  Gb  main.o [1]
ETH_IRQHandler           0x800'0d65        Code  Wk  startup_stm32f40_41xxx.o [1]
ETH_WKUP_IRQHandler      0x800'0d69        Code  Wk  startup_stm32f40_41xxx.o [1]
EXTI0_IRQHandler         0x800'0c91        Code  Wk  startup_stm32f40_41xxx.o [1]
EXTI15_10_IRQHandler     0x800'0d15        Code  Wk  startup_stm32f40_41xxx.o [1]
EXTI1_IRQHandler         0x800'0c95        Code  Wk  startup_stm32f40_41xxx.o [1]
EXTI2_IRQHandler         0x800'0c99        Code  Wk  startup_stm32f40_41xxx.o [1]
EXTI3_IRQHandler         0x800'0c9d        Code  Wk  startup_stm32f40_41xxx.o [1]
EXTI4_IRQHandler         0x800'0ca1        Code  Wk  startup_stm32f40_41xxx.o [1]
EXTI9_5_IRQHandler       0x800'0cd1        Code  Wk  startup_stm32f40_41xxx.o [1]
FLASH_IRQHandler         0x800'0c89        Code  Wk  startup_stm32f40_41xxx.o [1]
FPU_IRQHandler           0x800'0db5        Code  Wk  startup_stm32f40_41xxx.o [1]
FSMC_IRQHandler          0x800'0d35        Code  Wk  startup_stm32f40_41xxx.o [1]
GPIO_Init                0x800'05c9  0x90  Code  Gb  stm32f4xx_gpio.o [1]
GPIO_PinAFConfig         0x800'0667  0x50  Code  Gb  stm32f4xx_gpio.o [1]
GPIO_ResetBits           0x800'065f   0x8  Code  Gb  stm32f4xx_gpio.o [1]
GPIO_SetBits             0x800'0659   0x6  Code  Gb  stm32f4xx_gpio.o [1]
GetADC_Array            0x2000'0010  0x14  Data  Gb  main.o [1]
HASH_RNG_IRQHandler      0x800'0db1        Code  Wk  startup_stm32f40_41xxx.o [1]
HardFault_Handler        0x800'0801   0x2  Code  Gb  stm32f4xx_it.o [1]
I2C1_ER_IRQHandler       0x800'0cf5        Code  Wk  startup_stm32f40_41xxx.o [1]
I2C1_EV_IRQHandler       0x800'0cf1        Code  Wk  startup_stm32f40_41xxx.o [1]
I2C2_ER_IRQHandler       0x800'0cfd        Code  Wk  startup_stm32f40_41xxx.o [1]
I2C2_EV_IRQHandler       0x800'0cf9        Code  Wk  startup_stm32f40_41xxx.o [1]
I2C3_ER_IRQHandler       0x800'0d95        Code  Wk  startup_stm32f40_41xxx.o [1]
I2C3_EV_IRQHandler       0x800'0d91        Code  Wk  startup_stm32f40_41xxx.o [1]
LED_init                 0x800'019d  0x2a  Code  Gb  main.o [1]
MemManage_Handler        0x800'0803   0x2  Code  Gb  stm32f4xx_it.o [1]
NMI_Handler              0x800'07ff   0x2  Code  Gb  stm32f4xx_it.o [1]
NVIC_Init                0x800'0907  0x60  Code  Gb  misc.o [1]
NVIC_PriorityGroupConfig
                         0x800'08fd   0xa  Code  Gb  misc.o [1]
OTG_FS_IRQHandler        0x800'0d7d        Code  Wk  startup_stm32f40_41xxx.o [1]
OTG_FS_WKUP_IRQHandler   0x800'0d1d        Code  Wk  startup_stm32f40_41xxx.o [1]
OTG_HS_EP1_IN_IRQHandler
                         0x800'0d9d        Code  Wk  startup_stm32f40_41xxx.o [1]
OTG_HS_EP1_OUT_IRQHandler
                         0x800'0d99        Code  Wk  startup_stm32f40_41xxx.o [1]
OTG_HS_IRQHandler        0x800'0da5        Code  Wk  startup_stm32f40_41xxx.o [1]
OTG_HS_WKUP_IRQHandler   0x800'0da1        Code  Wk  startup_stm32f40_41xxx.o [1]
PVD_IRQHandler           0x800'0c7d        Code  Wk  startup_stm32f40_41xxx.o [1]
PendSV_Handler           0x800'080d   0x2  Code  Gb  stm32f4xx_it.o [1]
RCC_AHB1PeriphClockCmd   0x800'0555  0x1c  Code  Gb  stm32f4xx_rcc.o [1]
RCC_APB1PeriphClockCmd   0x800'0571  0x1c  Code  Gb  stm32f4xx_rcc.o [1]
RCC_APB2PeriphClockCmd   0x800'058d  0x1c  Code  Gb  stm32f4xx_rcc.o [1]
RCC_GetClocksFreq        0x800'0495  0xc0  Code  Gb  stm32f4xx_rcc.o [1]
RCC_IRQHandler           0x800'0c8d        Code  Wk  startup_stm32f40_41xxx.o [1]
RTC_Alarm_IRQHandler     0x800'0d19        Code  Wk  startup_stm32f40_41xxx.o [1]
RTC_WKUP_IRQHandler      0x800'0c85        Code  Wk  startup_stm32f40_41xxx.o [1]
Region$$Table$$Base      0x800'0bf4         --   Gb  - Linker created -
Region$$Table$$Limit     0x800'0c04         --   Gb  - Linker created -
Reset_Handler            0x800'0c69        Code  Wk  startup_stm32f40_41xxx.o [1]
SDIO_IRQHandler          0x800'0d39        Code  Wk  startup_stm32f40_41xxx.o [1]
SPI1_IRQHandler          0x800'0d01        Code  Wk  startup_stm32f40_41xxx.o [1]
SPI2_IRQHandler          0x800'0d05        Code  Wk  startup_stm32f40_41xxx.o [1]
SPI3_IRQHandler          0x800'0d3d        Code  Wk  startup_stm32f40_41xxx.o [1]
SVC_Handler              0x800'0809   0x2  Code  Gb  stm32f4xx_it.o [1]
Serial_Receive           0x800'01e7  0x1a  Code  Gb  main.o [1]
Serial_Send              0x800'01c7  0x20  Code  Gb  main.o [1]
SysTick_Handler          0x800'080f   0x2  Code  Gb  stm32f4xx_it.o [1]
SystemInit               0x800'0b49  0x40  Code  Gb  system_stm32f4xx.o [1]
TAMP_STAMP_IRQHandler    0x800'0c81        Code  Wk  startup_stm32f40_41xxx.o [1]
TIM1_BRK_TIM9_IRQHandler
                         0x800'0cd5        Code  Wk  startup_stm32f40_41xxx.o [1]
TIM1_CC_IRQHandler       0x800'0ce1        Code  Wk  startup_stm32f40_41xxx.o [1]
TIM1_TRG_COM_TIM11_IRQHandler
                         0x800'0cdd        Code  Wk  startup_stm32f40_41xxx.o [1]
TIM1_UP_TIM10_IRQHandler
                         0x800'0cd9        Code  Wk  startup_stm32f40_41xxx.o [1]
TIM2_IRQHandler          0x800'0ce5        Code  Wk  startup_stm32f40_41xxx.o [1]
TIM3_IRQHandler          0x800'0ce9        Code  Wk  startup_stm32f40_41xxx.o [1]
TIM4_IRQHandler          0x800'0ced        Code  Wk  startup_stm32f40_41xxx.o [1]
TIM5_Configuration       0x800'0201  0x6a  Code  Gb  main.o [1]
TIM5_IRQHandler          0x800'026b  0x62  Code  Gb  main.o [1]
TIM6_DAC_IRQHandler      0x800'0d49        Code  Wk  startup_stm32f40_41xxx.o [1]
TIM7_IRQHandler          0x800'0d4d        Code  Wk  startup_stm32f40_41xxx.o [1]
TIM8_BRK_TIM12_IRQHandler
                         0x800'0d21        Code  Wk  startup_stm32f40_41xxx.o [1]
TIM8_CC_IRQHandler       0x800'0d2d        Code  Wk  startup_stm32f40_41xxx.o [1]
TIM8_TRG_COM_TIM14_IRQHandler
                         0x800'0d29        Code  Wk  startup_stm32f40_41xxx.o [1]
TIM8_UP_TIM13_IRQHandler
                         0x800'0d25        Code  Wk  startup_stm32f40_41xxx.o [1]
TIM_ClearITPendingBit    0x800'08f5   0x8  Code  Gb  stm32f4xx_tim.o [1]
TIM_Cmd                  0x800'087f  0x1c  Code  Gb  stm32f4xx_tim.o [1]
TIM_GetITStatus          0x800'08d1  0x24  Code  Gb  stm32f4xx_tim.o [1]
TIM_ITConfig             0x800'08b9  0x18  Code  Gb  stm32f4xx_tim.o [1]
TIM_TimeBaseInit         0x800'0811  0x6e  Code  Gb  stm32f4xx_tim.o [1]
UART4_IRQHandler         0x800'0d41        Code  Wk  startup_stm32f40_41xxx.o [1]
UART5_IRQHandler         0x800'0d45        Code  Wk  startup_stm32f40_41xxx.o [1]
USART1_IRQHandler        0x800'0d09        Code  Wk  startup_stm32f40_41xxx.o [1]
USART2_Configuration     0x800'02cd  0x7e  Code  Gb  main.o [1]
USART2_IRQHandler        0x800'0d0d        Code  Wk  startup_stm32f40_41xxx.o [1]
USART3_IRQHandler        0x800'0d11        Code  Wk  startup_stm32f40_41xxx.o [1]
USART6_IRQHandler        0x800'0d8d        Code  Wk  startup_stm32f40_41xxx.o [1]
USART_Cmd                0x800'07b9  0x1c  Code  Gb  stm32f4xx_usart.o [1]
USART_GetFlagStatus      0x800'07e5  0x1a  Code  Gb  stm32f4xx_usart.o [1]
USART_Init               0x800'06f1  0xba  Code  Gb  stm32f4xx_usart.o [1]
USART_ReceiveData        0x800'07dd   0x8  Code  Gb  stm32f4xx_usart.o [1]
USART_SendData           0x800'07d5   0x8  Code  Gb  stm32f4xx_usart.o [1]
UsageFault_Handler       0x800'0807   0x2  Code  Gb  stm32f4xx_it.o [1]
WWDG_IRQHandler          0x800'0c79        Code  Wk  startup_stm32f40_41xxx.o [1]
__cmain                  0x800'0c05        Code  Gb  cmain.o [4]
__exit                   0x800'0c39  0x14  Code  Gb  exit.o [5]
__iar_data_init3         0x800'0ba9  0x28  Code  Gb  data_init.o [4]
__iar_init_vfp           0x800'0bd1        Code  Gb  fpinit_M.o [3]
__iar_packbits_init_single3
                         0x800'06b7  0x3a  Code  Gb  packbits_init_single.o [4]
__iar_program_start      0x800'0c4d        Code  Gb  cstartup_M.o [4]
__low_level_init         0x800'0c23   0x4  Code  Gb  low_level_init.o [2]
__vector_table           0x800'0000        Data  Gb  startup_stm32f40_41xxx.o [1]
_call_main               0x800'0c11        Code  Gb  cmain.o [4]
_exit                    0x800'0c2d        Code  Gb  cexit.o [4]
exit                     0x800'0c27   0x4  Code  Gb  exit.o [2]
main                     0x800'042b  0x48  Code  Gb  main.o [1]
send_count              0x2000'0026   0x2  Data  Gb  main.o [1]


[1] = C:\Users\rkdehdduq12\Desktop\Physical_Com\en.stsw-stm32065_v1-9-0\STM32F4xx_DSP_StdPeriph_Lib_V1.9.0\Project\ECG\Debug\Obj
[2] = dl7M_tln.a
[3] = m7M_tls.a
[4] = rt7M_tl.a
[5] = shb_l.a

  3'494 bytes of readonly  code memory
     35 bytes of readonly  data memory
  8'232 bytes of readwrite data memory

Errors: none
Warnings: none
